Archive member included to satisfy reference by file (symbol)

d:/program files/jetbrains/gcc-arm-11.2-2022.02-mingw-w64-i686-arm-none-eabi/bin/../lib/gcc/arm-none-eabi/11.2.1/thumb/v7-m/nofp\libgcc.a(_arm_mulsf3.o)
                              CMakeFiles/makeRobot.elf.dir/Core/Src/user/motor.c.obj (__aeabi_fmul)
d:/program files/jetbrains/gcc-arm-11.2-2022.02-mingw-w64-i686-arm-none-eabi/bin/../lib/gcc/arm-none-eabi/11.2.1/thumb/v7-m/nofp\libgcc.a(_arm_addsubsf3.o)
                              CMakeFiles/makeRobot.elf.dir/Core/Src/user/motor.c.obj (__aeabi_fsub)
d:/program files/jetbrains/gcc-arm-11.2-2022.02-mingw-w64-i686-arm-none-eabi/bin/../lib/gcc/arm-none-eabi/11.2.1/thumb/v7-m/nofp\libgcc.a(_arm_fixsfsi.o)
                              CMakeFiles/makeRobot.elf.dir/Core/Src/user/motor.c.obj (__aeabi_f2iz)
d:/program files/jetbrains/gcc-arm-11.2-2022.02-mingw-w64-i686-arm-none-eabi/bin/../lib/gcc/arm-none-eabi/11.2.1/thumb/v7-m/nofp\libg.a(lib_a-errno.o)
                              CMakeFiles/makeRobot.elf.dir/Core/Src/syscalls.c.obj (__errno)
d:/program files/jetbrains/gcc-arm-11.2-2022.02-mingw-w64-i686-arm-none-eabi/bin/../lib/gcc/arm-none-eabi/11.2.1/thumb/v7-m/nofp\libg.a(lib_a-exit.o)
                              d:/program files/jetbrains/gcc-arm-11.2-2022.02-mingw-w64-i686-arm-none-eabi/bin/../lib/gcc/arm-none-eabi/11.2.1/thumb/v7-m/nofp/crt0.o (exit)
d:/program files/jetbrains/gcc-arm-11.2-2022.02-mingw-w64-i686-arm-none-eabi/bin/../lib/gcc/arm-none-eabi/11.2.1/thumb/v7-m/nofp\libg.a(lib_a-impure.o)
                              d:/program files/jetbrains/gcc-arm-11.2-2022.02-mingw-w64-i686-arm-none-eabi/bin/../lib/gcc/arm-none-eabi/11.2.1/thumb/v7-m/nofp\libg.a(lib_a-exit.o) (_global_impure_ptr)
d:/program files/jetbrains/gcc-arm-11.2-2022.02-mingw-w64-i686-arm-none-eabi/bin/../lib/gcc/arm-none-eabi/11.2.1/thumb/v7-m/nofp\libg.a(lib_a-init.o)
                              d:/program files/jetbrains/gcc-arm-11.2-2022.02-mingw-w64-i686-arm-none-eabi/bin/../lib/gcc/arm-none-eabi/11.2.1/thumb/v7-m/nofp/crt0.o (__libc_init_array)
d:/program files/jetbrains/gcc-arm-11.2-2022.02-mingw-w64-i686-arm-none-eabi/bin/../lib/gcc/arm-none-eabi/11.2.1/thumb/v7-m/nofp\libg.a(lib_a-memcpy.o)
                              CMakeFiles/makeRobot.elf.dir/Core/Src/freertos.c.obj (memcpy)
d:/program files/jetbrains/gcc-arm-11.2-2022.02-mingw-w64-i686-arm-none-eabi/bin/../lib/gcc/arm-none-eabi/11.2.1/thumb/v7-m/nofp\libg.a(lib_a-memset.o)
                              d:/program files/jetbrains/gcc-arm-11.2-2022.02-mingw-w64-i686-arm-none-eabi/bin/../lib/gcc/arm-none-eabi/11.2.1/thumb/v7-m/nofp/crt0.o (memset)
d:/program files/jetbrains/gcc-arm-11.2-2022.02-mingw-w64-i686-arm-none-eabi/bin/../lib/gcc/arm-none-eabi/11.2.1/thumb/v7-m/nofp\libg.a(lib_a-printf.o)
                              CMakeFiles/makeRobot.elf.dir/Core/Src/freertos.c.obj (printf)
d:/program files/jetbrains/gcc-arm-11.2-2022.02-mingw-w64-i686-arm-none-eabi/bin/../lib/gcc/arm-none-eabi/11.2.1/thumb/v7-m/nofp\libg.a(lib_a-vfprintf.o)
                              d:/program files/jetbrains/gcc-arm-11.2-2022.02-mingw-w64-i686-arm-none-eabi/bin/../lib/gcc/arm-none-eabi/11.2.1/thumb/v7-m/nofp\libg.a(lib_a-printf.o) (_vfprintf_r)
d:/program files/jetbrains/gcc-arm-11.2-2022.02-mingw-w64-i686-arm-none-eabi/bin/../lib/gcc/arm-none-eabi/11.2.1/thumb/v7-m/nofp\libg.a(lib_a-wcrtomb.o)
                              d:/program files/jetbrains/gcc-arm-11.2-2022.02-mingw-w64-i686-arm-none-eabi/bin/../lib/gcc/arm-none-eabi/11.2.1/thumb/v7-m/nofp\libg.a(lib_a-vfprintf.o) (_wcrtomb_r)
d:/program files/jetbrains/gcc-arm-11.2-2022.02-mingw-w64-i686-arm-none-eabi/bin/../lib/gcc/arm-none-eabi/11.2.1/thumb/v7-m/nofp\libg.a(lib_a-wcsrtombs.o)
                              d:/program files/jetbrains/gcc-arm-11.2-2022.02-mingw-w64-i686-arm-none-eabi/bin/../lib/gcc/arm-none-eabi/11.2.1/thumb/v7-m/nofp\libg.a(lib_a-vfprintf.o) (_wcsrtombs_r)
d:/program files/jetbrains/gcc-arm-11.2-2022.02-mingw-w64-i686-arm-none-eabi/bin/../lib/gcc/arm-none-eabi/11.2.1/thumb/v7-m/nofp\libg.a(lib_a-wsetup.o)
                              d:/program files/jetbrains/gcc-arm-11.2-2022.02-mingw-w64-i686-arm-none-eabi/bin/../lib/gcc/arm-none-eabi/11.2.1/thumb/v7-m/nofp\libg.a(lib_a-vfprintf.o) (__swsetup_r)
d:/program files/jetbrains/gcc-arm-11.2-2022.02-mingw-w64-i686-arm-none-eabi/bin/../lib/gcc/arm-none-eabi/11.2.1/thumb/v7-m/nofp\libg.a(lib_a-__call_atexit.o)
                              d:/program files/jetbrains/gcc-arm-11.2-2022.02-mingw-w64-i686-arm-none-eabi/bin/../lib/gcc/arm-none-eabi/11.2.1/thumb/v7-m/nofp\libg.a(lib_a-exit.o) (__call_exitprocs)
d:/program files/jetbrains/gcc-arm-11.2-2022.02-mingw-w64-i686-arm-none-eabi/bin/../lib/gcc/arm-none-eabi/11.2.1/thumb/v7-m/nofp\libg.a(lib_a-dtoa.o)
[...]
Memory Configuration

Name             Origin             Length             Attributes
RAM              0x20000000         0x0000c000         xrw
FLASH            0x08000000         0x00040000         xr
*default*        0x00000000         0xffffffff

Linker script and memory map

LOAD d:/program files/jetbrains/gcc-arm-11.2-2022.02-mingw-w64-i686-arm-none-eabi/bin/../lib/gcc/arm-none-eabi/11.2.1/thumb/v7-m/nofp/crti.o
LOAD d:/program files/jetbrains/gcc-arm-11.2-2022.02-mingw-w64-i686-arm-none-eabi/bin/../lib/gcc/arm-none-eabi/11.2.1/thumb/v7-m/nofp/crtbegin.o
LOAD d:/program files/jetbrains/gcc-arm-11.2-2022.02-mingw-w64-i686-arm-none-eabi/bin/../lib/gcc/arm-none-eabi/11.2.1/thumb/v7-m/nofp/crt0.o
LOAD CMakeFiles/makeRobot.elf.dir/Core/Src/freertos.c.obj
LOAD CMakeFiles/makeRobot.elf.dir/Core/Src/gpio.c.obj
LOAD CMakeFiles/makeRobot.elf.dir/Core/Src/i2c.c.obj
LOAD CMakeFiles/makeRobot.elf.dir/Core/Src/main.c.obj
LOAD CMakeFiles/makeRobot.elf.dir/Core/Src/stm32f1xx_hal_msp.c.obj
LOAD CMakeFiles/makeRobot.elf.dir/Core/Src/stm32f1xx_hal_timebase_tim.c.obj
LOAD CMakeFiles/makeRobot.elf.dir/Core/Src/stm32f1xx_it.c.obj
LOAD CMakeFiles/makeRobot.elf.dir/Core/Src/syscalls.c.obj
LOAD CMakeFiles/makeRobot.elf.dir/Core/Src/system_stm32f1xx.c.obj
LOAD CMakeFiles/makeRobot.elf.dir/Core/Src/tim.c.obj
LOAD CMakeFiles/makeRobot.elf.dir/Core/Src/usart.c.obj
LOAD CMakeFiles/makeRobot.elf.dir/Core/Src/user/data_trans.c.obj
LOAD CMakeFiles/makeRobot.elf.dir/Core/Src/user/motor.c.obj
LOAD CMakeFiles/makeRobot.elf.dir/Core/Src/user/oled.c.obj
LOAD CMakeFiles/makeRobot.elf.dir/Drivers/STM32F1xx_HAL_Driver/Src/stm32f1xx_hal.c.obj
LOAD CMakeFiles/makeRobot.elf.dir/Drivers/STM32F1xx_HAL_Driver/Src/stm32f1xx_hal_cortex.c.obj
LOAD CMakeFiles/makeRobot.elf.dir/Drivers/STM32F1xx_HAL_Driver/Src/stm32f1xx_hal_dma.c.obj
LOAD CMakeFiles/makeRobot.elf.dir/Drivers/STM32F1xx_HAL_Driver/Src/stm32f1xx_hal_exti.c.obj
LOAD CMakeFiles/makeRobot.elf.dir/Drivers/STM32F1xx_HAL_Driver/Src/stm32f1xx_hal_flash.c.obj
LOAD CMakeFiles/makeRobot.elf.dir/Drivers/STM32F1xx_HAL_Driver/Src/stm32f1xx_hal_flash_ex.c.obj
LOAD CMakeFiles/makeRobot.elf.dir/Drivers/STM32F1xx_HAL_Driver/Src/stm32f1xx_hal_gpio.c.obj
LOAD CMakeFiles/makeRobot.elf.dir/Drivers/STM32F1xx_HAL_Driver/Src/stm32f1xx_hal_gpio_ex.c.obj
LOAD CMakeFiles/makeRobot.elf.dir/Drivers/STM32F1xx_HAL_Driver/Src/stm32f1xx_hal_i2c.c.obj
LOAD CMakeFiles/makeRobot.elf.dir/Drivers/STM32F1xx_HAL_Driver/Src/stm32f1xx_hal_pwr.c.obj
LOAD CMakeFiles/makeRobot.elf.dir/Drivers/STM32F1xx_HAL_Driver/Src/stm32f1xx_hal_rcc.c.obj
LOAD CMakeFiles/makeRobot.elf.dir/Drivers/STM32F1xx_HAL_Driver/Src/stm32f1xx_hal_rcc_ex.c.obj
LOAD CMakeFiles/makeRobot.elf.dir/Drivers/STM32F1xx_HAL_Driver/Src/stm32f1xx_hal_tim.c.obj
LOAD CMakeFiles/makeRobot.elf.dir/Drivers/STM32F1xx_HAL_Driver/Src/stm32f1xx_hal_tim_ex.c.obj
LOAD CMakeFiles/makeRobot.elf.dir/Drivers/STM32F1xx_HAL_Driver/Src/stm32f1xx_hal_uart.c.obj
LOAD CMakeFiles/makeRobot.elf.dir/Middlewares/Third_Party/FreeRTOS/Source/CMSIS_RTOS_V2/cmsis_os2.c.obj
LOAD CMakeFiles/makeRobot.elf.dir/Middlewares/Third_Party/FreeRTOS/Source/croutine.c.obj
LOAD CMakeFiles/makeRobot.elf.dir/Middlewares/Third_Party/FreeRTOS/Source/event_groups.c.obj
LOAD CMakeFiles/makeRobot.elf.dir/Middlewares/Third_Party/FreeRTOS/Source/list.c.obj
LOAD CMakeFiles/makeRobot.elf.dir/Middlewares/Third_Party/FreeRTOS/Source/portable/GCC/ARM_CM3/port.c.obj
LOAD CMakeFiles/makeRobot.elf.dir/Middlewares/Third_Party/FreeRTOS/Source/portable/MemMang/heap_4.c.obj
LOAD CMakeFiles/makeRobot.elf.dir/Middlewares/Third_Party/FreeRTOS/Source/queue.c.obj
LOAD CMakeFiles/makeRobot.elf.dir/Middlewares/Third_Party/FreeRTOS/Source/stream_buffer.c.obj
LOAD CMakeFiles/makeRobot.elf.dir/Middlewares/Third_Party/FreeRTOS/Source/tasks.c.obj
LOAD CMakeFiles/makeRobot.elf.dir/Middlewares/Third_Party/FreeRTOS/Source/timers.c.obj
LOAD CMakeFiles/makeRobot.elf.dir/startup/startup_stm32f103xe.s.obj
START GROUP
LOAD d:/program files/jetbrains/gcc-arm-11.2-2022.02-mingw-w64-i686-arm-none-eabi/bin/../lib/gcc/arm-none-eabi/11.2.1/thumb/v7-m/nofp\libgcc.a
LOAD d:/program files/jetbrains/gcc-arm-11.2-2022.02-mingw-w64-i686-arm-none-eabi/bin/../lib/gcc/arm-none-eabi/11.2.1/thumb/v7-m/nofp\libg.a
LOAD d:/program files/jetbrains/gcc-arm-11.2-2022.02-mingw-w64-i686-arm-none-eabi/bin/../lib/gcc/arm-none-eabi/11.2.1/thumb/v7-m/nofp\libc.a
END GROUP
LOAD d:/program files/jetbrains/gcc-arm-11.2-2022.02-mingw-w64-i686-arm-none-eabi/bin/../lib/gcc/arm-none-eabi/11.2.1/thumb/v7-m/nofp/crtend.o
LOAD d:/program files/jetbrains/gcc-arm-11.2-2022.02-mingw-w64-i686-arm-none-eabi/bin/../lib/gcc/arm-none-eabi/11.2.1/thumb/v7-m/nofp/crtn.o
                0x2000c000                _estack = 0x2000c000
                0x00000200                _Min_Heap_Size = 0x200
                0x00000400                _Min_Stack_Size = 0x400

.isr_vector     0x08000000      0x1e4
                0x08000000                . = ALIGN (0x4)
 *(.isr_vector)
 .isr_vector    0x08000000      0x1e4 CMakeFiles/makeRobot.elf.dir/startup/startup_stm32f103xe.s.obj
                0x08000000                g_pfnVectors
                0x080001e4                . = ALIGN (0x4)

.text           0x080001f0     0xb084
                0x080001f0                . = ALIGN (0x4)
 *(.text)
 .text          0x080001f0       0xec d:/program files/jetbrains/gcc-arm-11.2-2022.02-mingw-w64-i686-arm-none-eabi/bin/../lib/gcc/arm-none-eabi/11.2.1/thumb/v7-m/nofp\libg.a(lib_a-memcpy.o)
                0x080001f0                memcpy
 .text          0x080002dc      0x378 d:/program files/jetbrains/gcc-arm-11.2-2022.02-mingw-w64-i686-arm-none-eabi/bin/../lib/gcc/arm-none-eabi/11.2.1/thumb/v7-m/nofp\libgcc.a(_arm_addsubdf3.o)
                0x080002dc                __aeabi_drsub
                0x080002e4                __aeabi_dsub
                0x080002e4                __subdf3
                0x080002e8                __aeabi_dadd
                0x080002e8                __adddf3
                0x08000560                __floatunsidf
                0x08000560                __aeabi_ui2d
                0x08000580                __floatsidf
                0x08000580                __aeabi_i2d
                0x080005a4                __aeabi_f2d
                0x080005a4                __extendsfdf2
                0x080005e8                __floatundidf
                0x080005e8                __aeabi_ul2d
                0x080005f8                __floatdidf
                0x080005f8                __aeabi_l2d
 .text          0x08000654      0x424 d:/program files/jetbrains/gcc-arm-11.2-2022.02-mingw-w64-i686-arm-none-eabi/bin/../lib/gcc/arm-none-eabi/11.2.1/thumb/v7-m/nofp\libgcc.a(_arm_muldivdf3.o)
                0x08000654                __aeabi_dmul
                0x08000654                __muldf3
                0x080008a8                __divdf3
                0x080008a8                __aeabi_ddiv
 .text          0x08000a78      0x110 d:/program files/jetbrains/gcc-arm-11.2-2022.02-mingw-w64-i686-arm-none-eabi/bin/../lib/gcc/arm-none-eabi/11.2.1/thumb/v7-m/nofp\libgcc.a(_arm_cmpdf2.o)
                0x08000a78                __gtdf2
                0x08000a78                __gedf2
                0x08000a80                __ltdf2
                0x08000a80                __ledf2
                0x08000a88                __nedf2
                0x08000a88                __eqdf2
                0x08000a88                __cmpdf2
                0x08000b04                __aeabi_cdrcmple
                0x08000b14                __aeabi_cdcmpeq
                0x08000b14                __aeabi_cdcmple
                0x08000b24                __aeabi_dcmpeq
                0x08000b38                __aeabi_dcmplt
                0x08000b4c                __aeabi_dcmple
                0x08000b60                __aeabi_dcmpge
                0x08000b74                __aeabi_dcmpgt
 .text          0x08000b88       0x2c d:/program files/jetbrains/gcc-arm-11.2-2022.02-mingw-w64-i686-arm-none-eabi/bin/../lib/gcc/arm-none-eabi/11.2.1/thumb/v7-m/nofp\libgcc.a(_arm_unorddf2.o)
                0x08000b88                __unorddf2
                0x08000b88                __aeabi_dcmpun
 .text          0x08000bb4       0x50 d:/program files/jetbrains/gcc-arm-11.2-2022.02-mingw-w64-i686-arm-none-eabi/bin/../lib/gcc/arm-none-eabi/11.2.1/thumb/v7-m/nofp\libgcc.a(_arm_fixdfsi.o)
                0x08000bb4                __aeabi_d2iz
                0x08000bb4                __fixdfsi
 *(.text*)
 .text.deregister_tm_clones
                0x08000c04       0x1c d:/program files/jetbrains/gcc-arm-11.2-2022.02-mingw-w64-i686-arm-none-eabi/bin/../lib/gcc/arm-none-eabi/11.2.1/thumb/v7-m/nofp/crtbegin.o
 .text.register_tm_clones
                0x08000c20       0x24 d:/program files/jetbrains/gcc-arm-11.2-2022.02-mingw-w64-i686-arm-none-eabi/bin/../lib/gcc/arm-none-eabi/11.2.1/thumb/v7-m/nofp/crtbegin.o
 .text.__do_global_dtors_aux
                0x08000c44       0x28 d:/program files/jetbrains/gcc-arm-11.2-2022.02-mingw-w64-i686-arm-none-eabi/bin/../lib/gcc/arm-none-eabi/11.2.1/thumb/v7-m/nofp/crtbegin.o
 .text.frame_dummy
                0x08000c6c       0x24 d:/program files/jetbrains/gcc-arm-11.2-2022.02-mingw-w64-i686-arm-none-eabi/bin/../lib/gcc/arm-none-eabi/11.2.1/thumb/v7-m/nofp/crtbegin.o
 .text.StartDefaultTask
                0x08000c90       0x30 CMakeFiles/makeRobot.elf.dir/Core/Src/freertos.c.obj
                0x08000c90                StartDefaultTask
 .text.StartTaskMotor
                0x08000cc0       0x18 CMakeFiles/makeRobot.elf.dir/Core/Src/freertos.c.obj
                0x08000cc0                StartTaskMotor
 .text.__io_putchar
                0x08000cd8       0x20 CMakeFiles/makeRobot.elf.dir/Core/Src/freertos.c.obj
                0x08000cd8                __io_putchar
 .text.MX_FREERTOS_Init
                0x08000cf8      0x11c CMakeFiles/makeRobot.elf.dir/Core/Src/freertos.c.obj
                0x08000cf8                MX_FREERTOS_Init
 .text.MX_GPIO_Init
                0x08000e14       0xb4 CMakeFiles/makeRobot.elf.dir/Core/Src/gpio.c.obj
                0x08000e14                MX_GPIO_Init
 .text.MX_I2C1_Init
                0x08000ec8       0x3c CMakeFiles/makeRobot.elf.dir/Core/Src/i2c.c.obj
                0x08000ec8                MX_I2C1_Init
 .text.HAL_I2C_MspInit
                0x08000f04       0x78 CMakeFiles/makeRobot.elf.dir/Core/Src/i2c.c.obj
                0x08000f04                HAL_I2C_MspInit
 .text.HAL_TIM_PeriodElapsedCallback
                0x08000f7c       0x18 CMakeFiles/makeRobot.elf.dir/Core/Src/main.c.obj
                0x08000f7c                HAL_TIM_PeriodElapsedCallback
 .text.Error_Handler
                0x08000f94        0x4 CMakeFiles/makeRobot.elf.dir/Core/Src/main.c.obj
                0x08000f94                Error_Handler
 .text.SystemClock_Config
                0x08000f98       0x64 CMakeFiles/makeRobot.elf.dir/Core/Src/main.c.obj
                0x08000f98                SystemClock_Config
 .text.main     0x08000ffc       0x30 CMakeFiles/makeRobot.elf.dir/Core/Src/main.c.obj
                0x08000ffc                main
 .text.HAL_MspInit
                0x0800102c       0x54 CMakeFiles/makeRobot.elf.dir/Core/Src/stm32f1xx_hal_msp.c.obj
                0x0800102c                HAL_MspInit
 .text.HAL_InitTick
                0x08001080       0x7c CMakeFiles/makeRobot.elf.dir/Core/Src/stm32f1xx_hal_timebase_tim.c.obj
                0x08001080                HAL_InitTick
 .text.NMI_Handler
                0x080010fc        0x2 CMakeFiles/makeRobot.elf.dir/Core/Src/stm32f1xx_it.c.obj
                0x080010fc                NMI_Handler
 *fill*         0x080010fe        0x2 
 .text.HardFault_Handler
                0x08001100       0x10 CMakeFiles/makeRobot.elf.dir/Core/Src/stm32f1xx_it.c.obj
                0x08001100                HardFault_Handler
 .text.MemManage_Handler
                0x08001110        0x2 CMakeFiles/makeRobot.elf.dir/Core/Src/stm32f1xx_it.c.obj
                0x08001110                MemManage_Handler
 .text.BusFault_Handler
                0x08001112        0x2 CMakeFiles/makeRobot.elf.dir/Core/Src/stm32f1xx_it.c.obj
                0x08001112                BusFault_Handler
 .text.UsageFault_Handler
                0x08001114        0x2 CMakeFiles/makeRobot.elf.dir/Core/Src/stm32f1xx_it.c.obj
                0x08001114                UsageFault_Handler
 .text.DebugMon_Handler
                0x08001116        0x2 CMakeFiles/makeRobot.elf.dir/Core/Src/stm32f1xx_it.c.obj
                0x08001116                DebugMon_Handler
 .text.USART3_IRQHandler
                0x08001118       0x18 CMakeFiles/makeRobot.elf.dir/Core/Src/stm32f1xx_it.c.obj
                0x08001118                USART3_IRQHandler
 .text.TIM6_IRQHandler
                0x08001130       0x10 CMakeFiles/makeRobot.elf.dir/Core/Src/stm32f1xx_it.c.obj
                0x08001130                TIM6_IRQHandler
 .text._getpid  0x08001140        0x4 CMakeFiles/makeRobot.elf.dir/Core/Src/syscalls.c.obj
                0x08001140                _getpid
 .text._kill    0x08001144       0x10 CMakeFiles/makeRobot.elf.dir/Core/Src/syscalls.c.obj
                0x08001144                _kill
 .text._exit    0x08001154        0xc CMakeFiles/makeRobot.elf.dir/Core/Src/syscalls.c.obj
                0x08001154                _exit
 .text._read    0x08001160       0x20 CMakeFiles/makeRobot.elf.dir/Core/Src/syscalls.c.obj
                0x08001160                _read
 .text._write   0x08001180       0x1c CMakeFiles/makeRobot.elf.dir/Core/Src/syscalls.c.obj
                0x08001180                _write
 .text._sbrk    0x0800119c       0x3c CMakeFiles/makeRobot.elf.dir/Core/Src/syscalls.c.obj
                0x0800119c                _sbrk
 .text._close   0x080011d8        0x6 CMakeFiles/makeRobot.elf.dir/Core/Src/syscalls.c.obj
                0x080011d8                _close
 .text._fstat   0x080011de        0xa CMakeFiles/makeRobot.elf.dir/Core/Src/syscalls.c.obj
                0x080011de                _fstat
 .text._isatty  0x080011e8        0x4 CMakeFiles/makeRobot.elf.dir/Core/Src/syscalls.c.obj
                0x080011e8                _isatty
 .text._lseek   0x080011ec        0x4 CMakeFiles/makeRobot.elf.dir/Core/Src/syscalls.c.obj
                0x080011ec                _lseek
 .text.SystemInit
                0x080011f0        0x2 CMakeFiles/makeRobot.elf.dir/Core/Src/system_stm32f1xx.c.obj
                0x080011f0                SystemInit
 *fill*         0x080011f2        0x2 
 .text.MX_TIM2_Init
                0x080011f4       0x68 CMakeFiles/makeRobot.elf.dir/Core/Src/tim.c.obj
                0x080011f4                MX_TIM2_Init
 .text.MX_TIM4_Init
                0x0800125c       0x6c CMakeFiles/makeRobot.elf.dir/Core/Src/tim.c.obj
                0x0800125c                MX_TIM4_Init
 .text.HAL_TIM_Encoder_MspInit
                0x080012c8       0x9c CMakeFiles/makeRobot.elf.dir/Core/Src/tim.c.obj
                0x080012c8                HAL_TIM_Encoder_MspInit
 .text.HAL_TIM_PWM_MspInit
                0x08001364       0x2c CMakeFiles/makeRobot.elf.dir/Core/Src/tim.c.obj
                0x08001364                HAL_TIM_PWM_MspInit
 .text.HAL_TIM_MspPostInit
                0x08001390       0x50 CMakeFiles/makeRobot.elf.dir/Core/Src/tim.c.obj
                0x08001390                HAL_TIM_MspPostInit
 .text.MX_TIM3_Init
                0x080013e0       0x94 CMakeFiles/makeRobot.elf.dir/Core/Src/tim.c.obj
                0x080013e0                MX_TIM3_Init
 .text.MX_USART3_UART_Init
                0x08001474       0x34 CMakeFiles/makeRobot.elf.dir/Core/Src/usart.c.obj
                0x08001474                MX_USART3_UART_Init
 .text.HAL_UART_MspInit
                0x080014a8       0x88 CMakeFiles/makeRobot.elf.dir/Core/Src/usart.c.obj
                0x080014a8                HAL_UART_MspInit
 .text.start_data
                0x08001530       0x20 CMakeFiles/makeRobot.elf.dir/Core/Src/user/data_trans.c.obj
                0x08001530                start_data
 .text.send_data
                0x08001550       0x18 CMakeFiles/makeRobot.elf.dir/Core/Src/user/data_trans.c.obj
                0x08001550                send_data
 .text.HAL_UART_RxCpltCallback
                0x08001568       0x40 CMakeFiles/makeRobot.elf.dir/Core/Src/user/data_trans.c.obj
                0x08001568                HAL_UART_RxCpltCallback
 .text.user_api
                0x080015a8       0x34 CMakeFiles/makeRobot.elf.dir/Core/Src/user/data_trans.c.obj
                0x080015a8                user_api
 .text.USER_UART_IDLECallback
                0x080015dc       0x58 CMakeFiles/makeRobot.elf.dir/Core/Src/user/data_trans.c.obj
                0x080015dc                USER_UART_IDLECallback
 .text.set_ENC  0x08001634        0xc CMakeFiles/makeRobot.elf.dir/Core/Src/user/motor.c.obj
                0x08001634                set_ENC
 .text.incremental_PI
                0x08001640       0x40 CMakeFiles/makeRobot.elf.dir/Core/Src/user/motor.c.obj
                0x08001640                incremental_PI
 .text.range_PWM
                0x08001680       0x18 CMakeFiles/makeRobot.elf.dir/Core/Src/user/motor.c.obj
                0x08001680                range_PWM
 .text.set_PWM  0x08001698       0xe8 CMakeFiles/makeRobot.elf.dir/Core/Src/user/motor.c.obj
                0x08001698                set_PWM
 .text.init_motorInfo
                0x08001780       0x64 CMakeFiles/makeRobot.elf.dir/Core/Src/user/motor.c.obj
                0x08001780                init_motorInfo
 .text.start_motor
                0x080017e4       0x30 CMakeFiles/makeRobot.elf.dir/Core/Src/user/motor.c.obj
                0x080017e4                start_motor
 .text.motor_run
                0x08001814       0x36 CMakeFiles/makeRobot.elf.dir/Core/Src/user/motor.c.obj
                0x08001814                motor_run
 *fill*         0x0800184a        0x2 
 .text.HAL_Init
                0x0800184c       0x24 CMakeFiles/makeRobot.elf.dir/Drivers/STM32F1xx_HAL_Driver/Src/stm32f1xx_hal.c.obj
                0x0800184c                HAL_Init
 .text.HAL_IncTick
                0x08001870       0x18 CMakeFiles/makeRobot.elf.dir/Drivers/STM32F1xx_HAL_Driver/Src/stm32f1xx_hal.c.obj
                0x08001870                HAL_IncTick
 .text.HAL_GetTick
                0x08001888        0xc CMakeFiles/makeRobot.elf.dir/Drivers/STM32F1xx_HAL_Driver/Src/stm32f1xx_hal.c.obj
                0x08001888                HAL_GetTick
 .text.HAL_NVIC_SetPriorityGrouping
                0x08001894       0x24 CMakeFiles/makeRobot.elf.dir/Drivers/STM32F1xx_HAL_Driver/Src/stm32f1xx_hal_cortex.c.obj
                0x08001894                HAL_NVIC_SetPriorityGrouping
 .text.HAL_NVIC_SetPriority
                0x080018b8       0x70 CMakeFiles/makeRobot.elf.dir/Drivers/STM32F1xx_HAL_Driver/Src/stm32f1xx_hal_cortex.c.obj
                0x080018b8                HAL_NVIC_SetPriority
 .text.HAL_NVIC_EnableIRQ
                0x08001928       0x1c CMakeFiles/makeRobot.elf.dir/Drivers/STM32F1xx_HAL_Driver/Src/stm32f1xx_hal_cortex.c.obj
                0x08001928                HAL_NVIC_EnableIRQ
 .text.HAL_DMA_Abort
                0x08001944       0x44 CMakeFiles/makeRobot.elf.dir/Drivers/STM32F1xx_HAL_Driver/Src/stm32f1xx_hal_dma.c.obj
                0x08001944                HAL_DMA_Abort
 .text.HAL_DMA_Abort_IT
                0x08001988      0x168 CMakeFiles/makeRobot.elf.dir/Drivers/STM32F1xx_HAL_Driver/Src/stm32f1xx_hal_dma.c.obj
                0x08001988                HAL_DMA_Abort_IT
 .text.HAL_GPIO_Init
                0x08001af0      0x240 CMakeFiles/makeRobot.elf.dir/Drivers/STM32F1xx_HAL_Driver/Src/stm32f1xx_hal_gpio.c.obj
                0x08001af0                HAL_GPIO_Init
 .text.HAL_GPIO_WritePin
                0x08001d30        0xc CMakeFiles/makeRobot.elf.dir/Drivers/STM32F1xx_HAL_Driver/Src/stm32f1xx_hal_gpio.c.obj
                0x08001d30                HAL_GPIO_WritePin
 .text.HAL_I2C_Init
                0x08001d3c      0x1bc CMakeFiles/makeRobot.elf.dir/Drivers/STM32F1xx_HAL_Driver/Src/stm32f1xx_hal_i2c.c.obj
                0x08001d3c                HAL_I2C_Init
 .text.RCC_Delay
                0x08001ef8       0x2c CMakeFiles/makeRobot.elf.dir/Drivers/STM32F1xx_HAL_Driver/Src/stm32f1xx_hal_rcc.c.obj
 .text.HAL_RCC_OscConfig
                0x08001f24      0x410 CMakeFiles/makeRobot.elf.dir/Drivers/STM32F1xx_HAL_Driver/Src/stm32f1xx_hal_rcc.c.obj
                0x08001f24                HAL_RCC_OscConfig
 .text.HAL_RCC_GetSysClockFreq
                0x08002334       0x70 CMakeFiles/makeRobot.elf.dir/Drivers/STM32F1xx_HAL_Driver/Src/stm32f1xx_hal_rcc.c.obj
                0x08002334                HAL_RCC_GetSysClockFreq
 .text.HAL_RCC_ClockConfig
                0x080023a4      0x16c CMakeFiles/makeRobot.elf.dir/Drivers/STM32F1xx_HAL_Driver/Src/stm32f1xx_hal_rcc.c.obj
                0x080023a4                HAL_RCC_ClockConfig
 .text.HAL_RCC_GetHCLKFreq
                0x08002510        0xc CMakeFiles/makeRobot.elf.dir/Drivers/STM32F1xx_HAL_Driver/Src/stm32f1xx_hal_rcc.c.obj
                0x08002510                HAL_RCC_GetHCLKFreq
 .text.HAL_RCC_GetPCLK1Freq
                0x0800251c       0x20 CMakeFiles/makeRobot.elf.dir/Drivers/STM32F1xx_HAL_Driver/Src/stm32f1xx_hal_rcc.c.obj
                0x0800251c                HAL_RCC_GetPCLK1Freq
 .text.HAL_RCC_GetPCLK2Freq
                0x0800253c       0x20 CMakeFiles/makeRobot.elf.dir/Drivers/STM32F1xx_HAL_Driver/Src/stm32f1xx_hal_rcc.c.obj
                0x0800253c                HAL_RCC_GetPCLK2Freq
 .text.HAL_RCC_GetClockConfig
                0x0800255c       0x3c CMakeFiles/makeRobot.elf.dir/Drivers/STM32F1xx_HAL_Driver/Src/stm32f1xx_hal_rcc.c.obj
                0x0800255c                HAL_RCC_GetClockConfig
 .text.TIM_OC1_SetConfig
                0x08002598       0x70 CMakeFiles/makeRobot.elf.dir/Drivers/STM32F1xx_HAL_Driver/Src/stm32f1xx_hal_tim.c.obj
 .text.TIM_OC3_SetConfig
                0x08002608       0x70 CMakeFiles/makeRobot.elf.dir/Drivers/STM32F1xx_HAL_Driver/Src/stm32f1xx_hal_tim.c.obj
 .text.TIM_OC4_SetConfig
                0x08002678       0x50 CMakeFiles/makeRobot.elf.dir/Drivers/STM32F1xx_HAL_Driver/Src/stm32f1xx_hal_tim.c.obj
 .text.HAL_TIM_Base_MspInit
                0x080026c8        0x2 CMakeFiles/makeRobot.elf.dir/Drivers/STM32F1xx_HAL_Driver/Src/stm32f1xx_hal_tim.c.obj
                0x080026c8                HAL_TIM_Base_MspInit
 *fill*         0x080026ca        0x2 
 .text.HAL_TIM_Base_Start_IT
                0x080026cc       0x78 CMakeFiles/makeRobot.elf.dir/Drivers/STM32F1xx_HAL_Driver/Src/stm32f1xx_hal_tim.c.obj
                0x080026cc                HAL_TIM_Base_Start_IT
 .text.HAL_TIM_OC_DelayElapsedCallback
                0x08002744        0x2 CMakeFiles/makeRobot.elf.dir/Drivers/STM32F1xx_HAL_Driver/Src/stm32f1xx_hal_tim.c.obj
                0x08002744                HAL_TIM_OC_DelayElapsedCallback
 .text.HAL_TIM_IC_CaptureCallback
                0x08002746        0x2 CMakeFiles/makeRobot.elf.dir/Drivers/STM32F1xx_HAL_Driver/Src/stm32f1xx_hal_tim.c.obj
                0x08002746                HAL_TIM_IC_CaptureCallback
 .text.HAL_TIM_PWM_PulseFinishedCallback
                0x08002748        0x2 CMakeFiles/makeRobot.elf.dir/Drivers/STM32F1xx_HAL_Driver/Src/stm32f1xx_hal_tim.c.obj
                0x08002748                HAL_TIM_PWM_PulseFinishedCallback
 .text.HAL_TIM_TriggerCallback
                0x0800274a        0x2 CMakeFiles/makeRobot.elf.dir/Drivers/STM32F1xx_HAL_Driver/Src/stm32f1xx_hal_tim.c.obj
                0x0800274a                HAL_TIM_TriggerCallback
 .text.HAL_TIM_IRQHandler
                0x0800274c      0x17a CMakeFiles/makeRobot.elf.dir/Drivers/STM32F1xx_HAL_Driver/Src/stm32f1xx_hal_tim.c.obj
                0x0800274c                HAL_TIM_IRQHandler
 *fill*         0x080028c6        0x2 
 .text.TIM_Base_SetConfig
                0x080028c8       0x98 CMakeFiles/makeRobot.elf.dir/Drivers/STM32F1xx_HAL_Driver/Src/stm32f1xx_hal_tim.c.obj
                0x080028c8                TIM_Base_SetConfig
 .text.HAL_TIM_Base_Init
                0x08002960       0x58 CMakeFiles/makeRobot.elf.dir/Drivers/STM32F1xx_HAL_Driver/Src/stm32f1xx_hal_tim.c.obj
                0x08002960                HAL_TIM_Base_Init
 .text.HAL_TIM_PWM_Init
                0x080029b8       0x58 CMakeFiles/makeRobot.elf.dir/Drivers/STM32F1xx_HAL_Driver/Src/stm32f1xx_hal_tim.c.obj
                0x080029b8                HAL_TIM_PWM_Init
 .text.HAL_TIM_Encoder_Init
                0x08002a10       0xb6 CMakeFiles/makeRobot.elf.dir/Drivers/STM32F1xx_HAL_Driver/Src/stm32f1xx_hal_tim.c.obj
                0x08002a10                HAL_TIM_Encoder_Init
 *fill*         0x08002ac6        0x2 
 .text.TIM_OC2_SetConfig
                0x08002ac8       0x70 CMakeFiles/makeRobot.elf.dir/Drivers/STM32F1xx_HAL_Driver/Src/stm32f1xx_hal_tim.c.obj
                0x08002ac8                TIM_OC2_SetConfig
 .text.HAL_TIM_PWM_ConfigChannel
                0x08002b38       0xd0 CMakeFiles/makeRobot.elf.dir/Drivers/STM32F1xx_HAL_Driver/Src/stm32f1xx_hal_tim.c.obj
                0x08002b38                HAL_TIM_PWM_ConfigChannel
 .text.TIM_CCxChannelCmd
                0x08002c08       0x1e CMakeFiles/makeRobot.elf.dir/Drivers/STM32F1xx_HAL_Driver/Src/stm32f1xx_hal_tim.c.obj
                0x08002c08                TIM_CCxChannelCmd
 *fill*         0x08002c26        0x2 
 .text.HAL_TIM_PWM_Start
                0x08002c28       0xf4 CMakeFiles/makeRobot.elf.dir/Drivers/STM32F1xx_HAL_Driver/Src/stm32f1xx_hal_tim.c.obj
                0x08002c28                HAL_TIM_PWM_Start
 .text.HAL_TIM_Encoder_Start
                0x08002d1c       0xcc CMakeFiles/makeRobot.elf.dir/Drivers/STM32F1xx_HAL_Driver/Src/stm32f1xx_hal_tim.c.obj
                0x08002d1c                HAL_TIM_Encoder_Start
 .text.HAL_TIMEx_MasterConfigSynchronization
                0x08002de8       0x7c CMakeFiles/makeRobot.elf.dir/Drivers/STM32F1xx_HAL_Driver/Src/stm32f1xx_hal_tim_ex.c.obj
                0x08002de8                HAL_TIMEx_MasterConfigSynchronization
 .text.HAL_TIMEx_CommutCallback
                0x08002e64        0x2 CMakeFiles/makeRobot.elf.dir/Drivers/STM32F1xx_HAL_Driver/Src/stm32f1xx_hal_tim_ex.c.obj
                0x08002e64                HAL_TIMEx_CommutCallback
 .text.HAL_TIMEx_BreakCallback
                0x08002e66        0x2 CMakeFiles/makeRobot.elf.dir/Drivers/STM32F1xx_HAL_Driver/Src/stm32f1xx_hal_tim_ex.c.obj
                0x08002e66                HAL_TIMEx_BreakCallback
 .text.UART_EndRxTransfer
                0x08002e68       0x32 CMakeFiles/makeRobot.elf.dir/Drivers/STM32F1xx_HAL_Driver/Src/stm32f1xx_hal_uart.c.obj
 .text.UART_Transmit_IT
                0x08002e9a       0x60 CMakeFiles/makeRobot.elf.dir/Drivers/STM32F1xx_HAL_Driver/Src/stm32f1xx_hal_uart.c.obj
 *fill*         0x08002efa        0x2 
 .text.UART_SetConfig
                0x08002efc       0x94 CMakeFiles/makeRobot.elf.dir/Drivers/STM32F1xx_HAL_Driver/Src/stm32f1xx_hal_uart.c.obj
 .text.UART_WaitOnFlagUntilTimeout
                0x08002f90       0x68 CMakeFiles/makeRobot.elf.dir/Drivers/STM32F1xx_HAL_Driver/Src/stm32f1xx_hal_uart.c.obj
 .text.HAL_UART_Init
                0x08002ff8       0x5e CMakeFiles/makeRobot.elf.dir/Drivers/STM32F1xx_HAL_Driver/Src/stm32f1xx_hal_uart.c.obj
                0x08002ff8                HAL_UART_Init
 .text.HAL_UART_Transmit
                0x08003056       0xd8 CMakeFiles/makeRobot.elf.dir/Drivers/STM32F1xx_HAL_Driver/Src/stm32f1xx_hal_uart.c.obj
                0x08003056                HAL_UART_Transmit
 .text.HAL_UART_TxCpltCallback
                0x0800312e        0x2 CMakeFiles/makeRobot.elf.dir/Drivers/STM32F1xx_HAL_Driver/Src/stm32f1xx_hal_uart.c.obj
                0x0800312e                HAL_UART_TxCpltCallback
 .text.UART_EndTransmit_IT
                0x08003130       0x1a CMakeFiles/makeRobot.elf.dir/Drivers/STM32F1xx_HAL_Driver/Src/stm32f1xx_hal_uart.c.obj
 .text.HAL_UART_ErrorCallback
                0x0800314a        0x2 CMakeFiles/makeRobot.elf.dir/Drivers/STM32F1xx_HAL_Driver/Src/stm32f1xx_hal_uart.c.obj
                0x0800314a                HAL_UART_ErrorCallback
 .text.UART_DMAAbortOnError
                0x0800314c       0x10 CMakeFiles/makeRobot.elf.dir/Drivers/STM32F1xx_HAL_Driver/Src/stm32f1xx_hal_uart.c.obj
 .text.HAL_UARTEx_RxEventCallback
                0x0800315c        0x2 CMakeFiles/makeRobot.elf.dir/Drivers/STM32F1xx_HAL_Driver/Src/stm32f1xx_hal_uart.c.obj
                0x0800315c                HAL_UARTEx_RxEventCallback
 .text.UART_Receive_IT
                0x0800315e       0xd4 CMakeFiles/makeRobot.elf.dir/Drivers/STM32F1xx_HAL_Driver/Src/stm32f1xx_hal_uart.c.obj
 *fill*         0x08003232        0x2 
 .text.HAL_UART_IRQHandler
                0x08003234      0x204 CMakeFiles/makeRobot.elf.dir/Drivers/STM32F1xx_HAL_Driver/Src/stm32f1xx_hal_uart.c.obj
                0x08003234                HAL_UART_IRQHandler
 .text.UART_Start_Receive_IT
                0x08003438       0x36 CMakeFiles/makeRobot.elf.dir/Drivers/STM32F1xx_HAL_Driver/Src/stm32f1xx_hal_uart.c.obj
                0x08003438                UART_Start_Receive_IT
 .text.HAL_UART_Receive_IT
                0x0800346e       0x38 CMakeFiles/makeRobot.elf.dir/Drivers/STM32F1xx_HAL_Driver/Src/stm32f1xx_hal_uart.c.obj
                0x0800346e                HAL_UART_Receive_IT
 *fill*         0x080034a6        0x2 
 .text.osKernelInitialize
                0x080034a8       0x44 CMakeFiles/makeRobot.elf.dir/Middlewares/Third_Party/FreeRTOS/Source/CMSIS_RTOS_V2/cmsis_os2.c.obj
                0x080034a8                osKernelInitialize
 .text.osKernelStart
                0x080034ec       0x4c CMakeFiles/makeRobot.elf.dir/Middlewares/Third_Party/FreeRTOS/Source/CMSIS_RTOS_V2/cmsis_os2.c.obj
                0x080034ec                osKernelStart
 .text.osThreadNew
                0x08003538       0xec CMakeFiles/makeRobot.elf.dir/Middlewares/Third_Party/FreeRTOS/Source/CMSIS_RTOS_V2/cmsis_os2.c.obj
                0x08003538                osThreadNew
 .text.osDelay  0x08003624       0x44 CMakeFiles/makeRobot.elf.dir/Middlewares/Third_Party/FreeRTOS/Source/CMSIS_RTOS_V2/cmsis_os2.c.obj
                0x08003624                osDelay
 .text.vApplicationGetIdleTaskMemory
                0x08003668       0x18 CMakeFiles/makeRobot.elf.dir/Middlewares/Third_Party/FreeRTOS/Source/CMSIS_RTOS_V2/cmsis_os2.c.obj
                0x08003668                vApplicationGetIdleTaskMemory
 .text.vApplicationGetTimerTaskMemory
                0x08003680       0x18 CMakeFiles/makeRobot.elf.dir/Middlewares/Third_Party/FreeRTOS/Source/CMSIS_RTOS_V2/cmsis_os2.c.obj
                0x08003680                vApplicationGetTimerTaskMemory
 .text.vListInitialise
                0x08003698       0x16 CMakeFiles/makeRobot.elf.dir/Middlewares/Third_Party/FreeRTOS/Source/list.c.obj
                0x08003698                vListInitialise
 .text.vListInitialiseItem
                0x080036ae        0x6 CMakeFiles/makeRobot.elf.dir/Middlewares/Third_Party/FreeRTOS/Source/list.c.obj
                0x080036ae                vListInitialiseItem
 .text.vListInsertEnd
                0x080036b4       0x16 CMakeFiles/makeRobot.elf.dir/Middlewares/Third_Party/FreeRTOS/Source/list.c.obj
                0x080036b4                vListInsertEnd
 .text.vListInsert
                0x080036ca       0x32 CMakeFiles/makeRobot.elf.dir/Middlewares/Third_Party/FreeRTOS/Source/list.c.obj
                0x080036ca                vListInsert
 .text.uxListRemove
                0x080036fc       0x26 CMakeFiles/makeRobot.elf.dir/Middlewares/Third_Party/FreeRTOS/Source/list.c.obj
                0x080036fc                uxListRemove
 *fill*         0x08003722        0x2 
 .text.prvTaskExitError
                0x08003724       0x40 CMakeFiles/makeRobot.elf.dir/Middlewares/Third_Party/FreeRTOS/Source/portable/GCC/ARM_CM3/port.c.obj
 .text.prvPortStartFirstTask
                0x08003764       0x20 CMakeFiles/makeRobot.elf.dir/Middlewares/Third_Party/FreeRTOS/Source/portable/GCC/ARM_CM3/port.c.obj
 .text.pxPortInitialiseStack
                0x08003784       0x24 CMakeFiles/makeRobot.elf.dir/Middlewares/Third_Party/FreeRTOS/Source/portable/GCC/ARM_CM3/port.c.obj
                0x08003784                pxPortInitialiseStack
 *fill*         0x080037a8        0x8 
 .text.SVC_Handler
                0x080037b0       0x24 CMakeFiles/makeRobot.elf.dir/Middlewares/Third_Party/FreeRTOS/Source/portable/GCC/ARM_CM3/port.c.obj
                0x080037b0                SVC_Handler
 .text.vPortEnterCritical
                0x080037d4       0x44 CMakeFiles/makeRobot.elf.dir/Middlewares/Third_Party/FreeRTOS/Source/portable/GCC/ARM_CM3/port.c.obj
                0x080037d4                vPortEnterCritical
 .text.vPortExitCritical
                0x08003818       0x2c CMakeFiles/makeRobot.elf.dir/Middlewares/Third_Party/FreeRTOS/Source/portable/GCC/ARM_CM3/port.c.obj
                0x08003818                vPortExitCritical
 *fill*         0x08003844        0xc 
 .text.PendSV_Handler
                0x08003850       0x44 CMakeFiles/makeRobot.elf.dir/Middlewares/Third_Party/FreeRTOS/Source/portable/GCC/ARM_CM3/port.c.obj
                0x08003850                PendSV_Handler
 .text.SysTick_Handler
                0x08003894       0x2c CMakeFiles/makeRobot.elf.dir/Middlewares/Third_Party/FreeRTOS/Source/portable/GCC/ARM_CM3/port.c.obj
                0x08003894                SysTick_Handler
 .text.vPortSetupTimerInterrupt
                0x080038c0       0x28 CMakeFiles/makeRobot.elf.dir/Middlewares/Third_Party/FreeRTOS/Source/portable/GCC/ARM_CM3/port.c.obj
                0x080038c0                vPortSetupTimerInterrupt
 .text.xPortStartScheduler
                0x080038e8       0xc0 CMakeFiles/makeRobot.elf.dir/Middlewares/Third_Party/FreeRTOS/Source/portable/GCC/ARM_CM3/port.c.obj
                0x080038e8                xPortStartScheduler
 .text.vPortValidateInterruptPriority
                0x080039a8       0x5c CMakeFiles/makeRobot.elf.dir/Middlewares/Third_Party/FreeRTOS/Source/portable/GCC/ARM_CM3/port.c.obj
                0x080039a8                vPortValidateInterruptPriority
 .text.prvHeapInit
                0x08003a04       0x64 CMakeFiles/makeRobot.elf.dir/Middlewares/Third_Party/FreeRTOS/Source/portable/MemMang/heap_4.c.obj
 .text.prvInsertBlockIntoFreeList
                0x08003a68       0x60 CMakeFiles/makeRobot.elf.dir/Middlewares/Third_Party/FreeRTOS/Source/portable/MemMang/heap_4.c.obj
 .text.pvPortMalloc
                0x08003ac8       0xf0 CMakeFiles/makeRobot.elf.dir/Middlewares/Third_Party/FreeRTOS/Source/portable/MemMang/heap_4.c.obj
                0x08003ac8                pvPortMalloc
 .text.vPortFree
                0x08003bb8       0x70 CMakeFiles/makeRobot.elf.dir/Middlewares/Third_Party/FreeRTOS/Source/portable/MemMang/heap_4.c.obj
                0x08003bb8                vPortFree
 .text.prvIsQueueFull
                0x08003c28       0x1e CMakeFiles/makeRobot.elf.dir/Middlewares/Third_Party/FreeRTOS/Source/queue.c.obj
 .text.prvIsQueueEmpty
                0x08003c46       0x1a CMakeFiles/makeRobot.elf.dir/Middlewares/Third_Party/FreeRTOS/Source/queue.c.obj
 .text.prvCopyDataToQueue
                0x08003c60       0x76 CMakeFiles/makeRobot.elf.dir/Middlewares/Third_Party/FreeRTOS/Source/queue.c.obj
 .text.prvCopyDataFromQueue
                0x08003cd6       0x24 CMakeFiles/makeRobot.elf.dir/Middlewares/Third_Party/FreeRTOS/Source/queue.c.obj
 .text.prvUnlockQueue
                0x08003cfa       0x6e CMakeFiles/makeRobot.elf.dir/Middlewares/Third_Party/FreeRTOS/Source/queue.c.obj
 .text.xQueueGenericReset
                0x08003d68       0x84 CMakeFiles/makeRobot.elf.dir/Middlewares/Third_Party/FreeRTOS/Source/queue.c.obj
                0x08003d68                xQueueGenericReset
 .text.prvInitialiseNewQueue
                0x08003dec       0x22 CMakeFiles/makeRobot.elf.dir/Middlewares/Third_Party/FreeRTOS/Source/queue.c.obj
 .text.xQueueGenericCreateStatic
                0x08003e0e       0x92 CMakeFiles/makeRobot.elf.dir/Middlewares/Third_Party/FreeRTOS/Source/queue.c.obj
                0x08003e0e                xQueueGenericCreateStatic
 .text.xQueueGenericSend
                0x08003ea0      0x188 CMakeFiles/makeRobot.elf.dir/Middlewares/Third_Party/FreeRTOS/Source/queue.c.obj
                0x08003ea0                xQueueGenericSend
 .text.xQueueGenericSendFromISR
                0x08004028       0xcc CMakeFiles/makeRobot.elf.dir/Middlewares/Third_Party/FreeRTOS/Source/queue.c.obj
                0x08004028                xQueueGenericSendFromISR
 .text.xQueueReceive
                0x080040f4      0x15e CMakeFiles/makeRobot.elf.dir/Middlewares/Third_Party/FreeRTOS/Source/queue.c.obj
                0x080040f4                xQueueReceive
 *fill*         0x08004252        0x2 
 .text.vQueueAddToRegistry
                0x08004254       0x28 CMakeFiles/makeRobot.elf.dir/Middlewares/Third_Party/FreeRTOS/Source/queue.c.obj
                0x08004254                vQueueAddToRegistry
 .text.vQueueWaitForMessageRestricted
                0x0800427c       0x52 CMakeFiles/makeRobot.elf.dir/Middlewares/Third_Party/FreeRTOS/Source/queue.c.obj
                0x0800427c                vQueueWaitForMessageRestricted
 *fill*         0x080042ce        0x2 
 .text.prvResetNextTaskUnblockTime
                0x080042d0       0x2c CMakeFiles/makeRobot.elf.dir/Middlewares/Third_Party/FreeRTOS/Source/tasks.c.obj
 .text.prvInitialiseNewTask
                0x080042fc       0x98 CMakeFiles/makeRobot.elf.dir/Middlewares/Third_Party/FreeRTOS/Source/tasks.c.obj
 .text.prvInitialiseTaskLists
                0x08004394       0x68 CMakeFiles/makeRobot.elf.dir/Middlewares/Third_Party/FreeRTOS/Source/tasks.c.obj
 .text.prvAddNewTaskToReadyList
                0x080043fc       0xac CMakeFiles/makeRobot.elf.dir/Middlewares/Third_Party/FreeRTOS/Source/tasks.c.obj
 .text.prvDeleteTCB
                0x080044a8       0x38 CMakeFiles/makeRobot.elf.dir/Middlewares/Third_Party/FreeRTOS/Source/tasks.c.obj
 .text.prvCheckTasksWaitingTermination
                0x080044e0       0x4c CMakeFiles/makeRobot.elf.dir/Middlewares/Third_Party/FreeRTOS/Source/tasks.c.obj
 .text.prvIdleTask
                0x0800452c       0x28 CMakeFiles/makeRobot.elf.dir/Middlewares/Third_Party/FreeRTOS/Source/tasks.c.obj
 .text.prvAddCurrentTaskToDelayedList
                0x08004554       0x7c CMakeFiles/makeRobot.elf.dir/Middlewares/Third_Party/FreeRTOS/Source/tasks.c.obj
 .text.xTaskCreateStatic
                0x080045d0       0x74 CMakeFiles/makeRobot.elf.dir/Middlewares/Third_Party/FreeRTOS/Source/tasks.c.obj
                0x080045d0                xTaskCreateStatic
 .text.xTaskCreate
                0x08004644       0x68 CMakeFiles/makeRobot.elf.dir/Middlewares/Third_Party/FreeRTOS/Source/tasks.c.obj
                0x08004644                xTaskCreate
 .text.vTaskStartScheduler
                0x080046ac       0x9c CMakeFiles/makeRobot.elf.dir/Middlewares/Third_Party/FreeRTOS/Source/tasks.c.obj
                0x080046ac                vTaskStartScheduler
 .text.vTaskSuspendAll
                0x08004748       0x10 CMakeFiles/makeRobot.elf.dir/Middlewares/Third_Party/FreeRTOS/Source/tasks.c.obj
                0x08004748                vTaskSuspendAll
 .text.xTaskGetTickCount
                0x08004758        0xc CMakeFiles/makeRobot.elf.dir/Middlewares/Third_Party/FreeRTOS/Source/tasks.c.obj
                0x08004758                xTaskGetTickCount
 .text.xTaskIncrementTick
                0x08004764      0x118 CMakeFiles/makeRobot.elf.dir/Middlewares/Third_Party/FreeRTOS/Source/tasks.c.obj
                0x08004764                xTaskIncrementTick
 .text.xTaskResumeAll
                0x0800487c       0xf8 CMakeFiles/makeRobot.elf.dir/Middlewares/Third_Party/FreeRTOS/Source/tasks.c.obj
                0x0800487c                xTaskResumeAll
 .text.vTaskDelay
                0x08004974       0x4c CMakeFiles/makeRobot.elf.dir/Middlewares/Third_Party/FreeRTOS/Source/tasks.c.obj
                0x08004974                vTaskDelay
 .text.vTaskSwitchContext
                0x080049c0       0x94 CMakeFiles/makeRobot.elf.dir/Middlewares/Third_Party/FreeRTOS/Source/tasks.c.obj
                0x080049c0                vTaskSwitchContext
 .text.vTaskPlaceOnEventList
                0x08004a54       0x30 CMakeFiles/makeRobot.elf.dir/Middlewares/Third_Party/FreeRTOS/Source/tasks.c.obj
                0x08004a54                vTaskPlaceOnEventList
 .text.vTaskPlaceOnEventListRestricted
                0x08004a84       0x38 CMakeFiles/makeRobot.elf.dir/Middlewares/Third_Party/FreeRTOS/Source/tasks.c.obj
                0x08004a84                vTaskPlaceOnEventListRestricted
 .text.xTaskRemoveFromEventList
                0x08004abc       0x8c CMakeFiles/makeRobot.elf.dir/Middlewares/Third_Party/FreeRTOS/Source/tasks.c.obj
                0x08004abc                xTaskRemoveFromEventList
 .text.vTaskInternalSetTimeOutState
                0x08004b48       0x18 CMakeFiles/makeRobot.elf.dir/Middlewares/Third_Party/FreeRTOS/Source/tasks.c.obj
                0x08004b48                vTaskInternalSetTimeOutState
 .text.xTaskCheckForTimeOut
                0x08004b60       0x84 CMakeFiles/makeRobot.elf.dir/Middlewares/Third_Party/FreeRTOS/Source/tasks.c.obj
                0x08004b60                xTaskCheckForTimeOut
 .text.vTaskMissedYield
                0x08004be4        0xc CMakeFiles/makeRobot.elf.dir/Middlewares/Third_Party/FreeRTOS/Source/tasks.c.obj
                0x08004be4                vTaskMissedYield
 .text.xTaskGetSchedulerState
                0x08004bf0       0x20 CMakeFiles/makeRobot.elf.dir/Middlewares/Third_Party/FreeRTOS/Source/tasks.c.obj
                0x08004bf0                xTaskGetSchedulerState
 .text.xTaskPriorityDisinherit
                0x08004c10       0x90 CMakeFiles/makeRobot.elf.dir/Middlewares/Third_Party/FreeRTOS/Source/tasks.c.obj
                0x08004c10                xTaskPriorityDisinherit
 .text.prvGetNextExpireTime
                0x08004ca0       0x20 CMakeFiles/makeRobot.elf.dir/Middlewares/Third_Party/FreeRTOS/Source/timers.c.obj
 .text.prvInsertTimerInActiveList
                0x08004cc0       0x48 CMakeFiles/makeRobot.elf.dir/Middlewares/Third_Party/FreeRTOS/Source/timers.c.obj
 .text.prvCheckForValidListAndQueue
                0x08004d08       0x70 CMakeFiles/makeRobot.elf.dir/Middlewares/Third_Party/FreeRTOS/Source/timers.c.obj
 .text.xTimerCreateTimerTask
                0x08004d78       0x64 CMakeFiles/makeRobot.elf.dir/Middlewares/Third_Party/FreeRTOS/Source/timers.c.obj
                0x08004d78                xTimerCreateTimerTask
 .text.xTimerGenericCommand
                0x08004ddc       0x6c CMakeFiles/makeRobot.elf.dir/Middlewares/Third_Party/FreeRTOS/Source/timers.c.obj
                0x08004ddc                xTimerGenericCommand
 .text.prvSwitchTimerLists
                0x08004e48       0x78 CMakeFiles/makeRobot.elf.dir/Middlewares/Third_Party/FreeRTOS/Source/timers.c.obj
 .text.prvSampleTimeNow
                0x08004ec0       0x2c CMakeFiles/makeRobot.elf.dir/Middlewares/Third_Party/FreeRTOS/Source/timers.c.obj
 .text.prvProcessExpiredTimer
                0x08004eec       0x60 CMakeFiles/makeRobot.elf.dir/Middlewares/Third_Party/FreeRTOS/Source/timers.c.obj
 .text.prvProcessTimerOrBlockTask
                0x08004f4c       0x74 CMakeFiles/makeRobot.elf.dir/Middlewares/Third_Party/FreeRTOS/Source/timers.c.obj
 .text.prvProcessReceivedCommands
                0x08004fc0       0xf8 CMakeFiles/makeRobot.elf.dir/Middlewares/Third_Party/FreeRTOS/Source/timers.c.obj
 .text.prvTimerTask
                0x080050b8       0x16 CMakeFiles/makeRobot.elf.dir/Middlewares/Third_Party/FreeRTOS/Source/timers.c.obj
 *fill*         0x080050ce        0x2 
 .text.Reset_Handler
                0x080050d0       0x48 CMakeFiles/makeRobot.elf.dir/startup/startup_stm32f103xe.s.obj
                0x080050d0                Reset_Handler
 .text.Default_Handler
                0x08005118        0x2 CMakeFiles/makeRobot.elf.dir/startup/startup_stm32f103xe.s.obj
                0x08005118                RTC_Alarm_IRQHandler
                0x08005118                EXTI2_IRQHandler
                0x08005118                TIM8_TRG_COM_IRQHandler
                0x08005118                TIM8_CC_IRQHandler
                0x08005118                TIM1_CC_IRQHandler
                0x08005118                PVD_IRQHandler
                0x08005118                SDIO_IRQHandler
                0x08005118                EXTI3_IRQHandler
                0x08005118                EXTI0_IRQHandler
                0x08005118                I2C2_EV_IRQHandler
                0x08005118                ADC1_2_IRQHandler
                0x08005118                SPI1_IRQHandler
                0x08005118                TAMPER_IRQHandler
                0x08005118                TIM8_UP_IRQHandler
                0x08005118                DMA2_Channel2_IRQHandler
                0x08005118                DMA1_Channel4_IRQHandler
                0x08005118                RTC_IRQHandler
                0x08005118                DMA1_Channel7_IRQHandler
                0x08005118                CAN1_RX1_IRQHandler
                0x08005118                UART5_IRQHandler
                0x08005118                ADC3_IRQHandler
                0x08005118                TIM4_IRQHandler
                0x08005118                DMA2_Channel1_IRQHandler
                0x08005118                I2C1_EV_IRQHandler
                0x08005118                DMA1_Channel6_IRQHandler
                0x08005118                UART4_IRQHandler
                0x08005118                TIM3_IRQHandler
                0x08005118                RCC_IRQHandler
                0x08005118                TIM1_TRG_COM_IRQHandler
                0x08005118                DMA1_Channel1_IRQHandler
                0x08005118                Default_Handler
                0x08005118                EXTI15_10_IRQHandler
                0x08005118                TIM7_IRQHandler
                0x08005118                TIM5_IRQHandler
                0x08005118                EXTI9_5_IRQHandler
                0x08005118                SPI2_IRQHandler
                0x08005118                DMA1_Channel5_IRQHandler
                0x08005118                EXTI4_IRQHandler
                0x08005118                USB_LP_CAN1_RX0_IRQHandler
                0x08005118                USB_HP_CAN1_TX_IRQHandler
                0x08005118                DMA1_Channel3_IRQHandler
                0x08005118                FSMC_IRQHandler
                0x08005118                TIM1_UP_IRQHandler
                0x08005118                WWDG_IRQHandler
                0x08005118                TIM2_IRQHandler
                0x08005118                TIM1_BRK_IRQHandler
                0x08005118                EXTI1_IRQHandler
                0x08005118                DMA2_Channel4_5_IRQHandler
                0x08005118                USART2_IRQHandler
                0x08005118                I2C2_ER_IRQHandler
                0x08005118                DMA1_Channel2_IRQHandler
                0x08005118                TIM8_BRK_IRQHandler
                0x08005118                CAN1_SCE_IRQHandler
                0x08005118                FLASH_IRQHandler
                0x08005118                USART1_IRQHandler
                0x08005118                SPI3_IRQHandler
                0x08005118                I2C1_ER_IRQHandler
                0x08005118                USBWakeUp_IRQHandler
                0x08005118                DMA2_Channel3_IRQHandler
 *fill*         0x0800511a        0x2 
 .text.__errno  0x0800511c        0xc d:/program files/jetbrains/gcc-arm-11.2-2022.02-mingw-w64-i686-arm-none-eabi/bin/../lib/gcc/arm-none-eabi/11.2.1/thumb/v7-m/nofp\libg.a(lib_a-errno.o)
                0x0800511c                __errno
 .text.__libc_init_array
                0x08005128       0x48 d:/program files/jetbrains/gcc-arm-11.2-2022.02-mingw-w64-i686-arm-none-eabi/bin/../lib/gcc/arm-none-eabi/11.2.1/thumb/v7-m/nofp\libg.a(lib_a-init.o)
                0x08005128                __libc_init_array
 .text.memset   0x08005170       0xa4 d:/program files/jetbrains/gcc-arm-11.2-2022.02-mingw-w64-i686-arm-none-eabi/bin/../lib/gcc/arm-none-eabi/11.2.1/thumb/v7-m/nofp\libg.a(lib_a-memset.o)
                0x08005170                memset
 .text.printf   0x08005214       0x28 d:/program files/jetbrains/gcc-arm-11.2-2022.02-mingw-w64-i686-arm-none-eabi/bin/../lib/gcc/arm-none-eabi/11.2.1/thumb/v7-m/nofp\libg.a(lib_a-printf.o)
                0x08005214                printf
 .text._vfprintf_r
                0x0800523c     0x1bfc d:/program files/jetbrains/gcc-arm-11.2-2022.02-mingw-w64-i686-arm-none-eabi/bin/../lib/gcc/arm-none-eabi/11.2.1/thumb/v7-m/nofp\libg.a(lib_a-vfprintf.o)
                0x0800523c                _vfprintf_r
 .text.__sbprintf
                0x08006e38       0x6c d:/program files/jetbrains/gcc-arm-11.2-2022.02-mingw-w64-i686-arm-none-eabi/bin/../lib/gcc/arm-none-eabi/11.2.1/thumb/v7-m/nofp\libg.a(lib_a-vfprintf.o)
 .text._wcrtomb_r
                0x08006ea4       0x4c d:/program files/jetbrains/gcc-arm-11.2-2022.02-mingw-w64-i686-arm-none-eabi/bin/../lib/gcc/arm-none-eabi/11.2.1/thumb/v7-m/nofp\libg.a(lib_a-wcrtomb.o)
                0x08006ea4                _wcrtomb_r
 .text._wcsrtombs_r
                0x08006ef0       0x18 d:/program files/jetbrains/gcc-arm-11.2-2022.02-mingw-w64-i686-arm-none-eabi/bin/../lib/gcc/arm-none-eabi/11.2.1/thumb/v7-m/nofp\libg.a(lib_a-wcsrtombs.o)
                0x08006ef0                _wcsrtombs_r
 .text.__swsetup_r
                0x08006f08       0xd4 d:/program files/jetbrains/gcc-arm-11.2-2022.02-mingw-w64-i686-arm-none-eabi/bin/../lib/gcc/arm-none-eabi/11.2.1/thumb/v7-m/nofp\libg.a(lib_a-wsetup.o)
                0x08006f08                __swsetup_r
 .text.quorem   0x08006fdc      0x128 d:/program files/jetbrains/gcc-arm-11.2-2022.02-mingw-w64-i686-arm-none-eabi/bin/../lib/gcc/arm-none-eabi/11.2.1/thumb/v7-m/nofp\libg.a(lib_a-dtoa.o)
 *fill*         0x08007104        0x4 
 .text._dtoa_r  0x08007108      0xebc d:/program files/jetbrains/gcc-arm-11.2-2022.02-mingw-w64-i686-arm-none-eabi/bin/../lib/gcc/arm-none-eabi/11.2.1/thumb/v7-m/nofp\libg.a(lib_a-dtoa.o)
                0x08007108                _dtoa_r
 .text.__sflush_r
                0x08007fc4      0x124 d:/program files/jetbrains/gcc-arm-11.2-2022.02-mingw-w64-i686-arm-none-eabi/bin/../lib/gcc/arm-none-eabi/11.2.1/thumb/v7-m/nofp\libg.a(lib_a-fflush.o)
                0x08007fc4                __sflush_r
 .text._fflush_r
                0x080080e8       0x2c d:/program files/jetbrains/gcc-arm-11.2-2022.02-mingw-w64-i686-arm-none-eabi/bin/../lib/gcc/arm-none-eabi/11.2.1/thumb/v7-m/nofp\libg.a(lib_a-fflush.o)
                0x080080e8                _fflush_r
 .text._cleanup_r
                0x08008114        0xc d:/program files/jetbrains/gcc-arm-11.2-2022.02-mingw-w64-i686-arm-none-eabi/bin/../lib/gcc/arm-none-eabi/11.2.1/thumb/v7-m/nofp\libg.a(lib_a-findfp.o)
                0x08008114                _cleanup_r
 .text.__sinit.part.0
                0x08008120       0xd4 d:/program files/jetbrains/gcc-arm-11.2-2022.02-mingw-w64-i686-arm-none-eabi/bin/../lib/gcc/arm-none-eabi/11.2.1/thumb/v7-m/nofp\libg.a(lib_a-findfp.o)
 .text.__sinit  0x080081f4        0xc d:/program files/jetbrains/gcc-arm-11.2-2022.02-mingw-w64-i686-arm-none-eabi/bin/../lib/gcc/arm-none-eabi/11.2.1/thumb/v7-m/nofp\libg.a(lib_a-findfp.o)
                0x080081f4                __sinit
 .text.__sfp_lock_acquire
                0x08008200        0x4 d:/program files/jetbrains/gcc-arm-11.2-2022.02-mingw-w64-i686-arm-none-eabi/bin/../lib/gcc/arm-none-eabi/11.2.1/thumb/v7-m/nofp\libg.a(lib_a-findfp.o)
                0x08008200                __sfp_lock_acquire
 .text.__sfp_lock_release
                0x08008204        0x4 d:/program files/jetbrains/gcc-arm-11.2-2022.02-mingw-w64-i686-arm-none-eabi/bin/../lib/gcc/arm-none-eabi/11.2.1/thumb/v7-m/nofp\libg.a(lib_a-findfp.o)
                0x08008204                __sfp_lock_release
 .text._malloc_trim_r
                0x08008208       0xa0 d:/program files/jetbrains/gcc-arm-11.2-2022.02-mingw-w64-i686-arm-none-eabi/bin/../lib/gcc/arm-none-eabi/11.2.1/thumb/v7-m/nofp\libg.a(lib_a-freer.o)
                0x08008208                _malloc_trim_r
 .text._free_r  0x080082a8      0x200 d:/program files/jetbrains/gcc-arm-11.2-2022.02-mingw-w64-i686-arm-none-eabi/bin/../lib/gcc/arm-none-eabi/11.2.1/thumb/v7-m/nofp\libg.a(lib_a-freer.o)
                0x080082a8                _free_r
 .text._fwalk_reent
                0x080084a8       0x48 d:/program files/jetbrains/gcc-arm-11.2-2022.02-mingw-w64-i686-arm-none-eabi/bin/../lib/gcc/arm-none-eabi/11.2.1/thumb/v7-m/nofp\libg.a(lib_a-fwalk.o)
                0x080084a8                _fwalk_reent
 .text._localeconv_r
                0x080084f0        0x8 d:/program files/jetbrains/gcc-arm-11.2-2022.02-mingw-w64-i686-arm-none-eabi/bin/../lib/gcc/arm-none-eabi/11.2.1/thumb/v7-m/nofp\libg.a(lib_a-localeconv.o)
                0x080084f0                _localeconv_r
 .text.__locale_mb_cur_max
                0x080084f8        0xc d:/program files/jetbrains/gcc-arm-11.2-2022.02-mingw-w64-i686-arm-none-eabi/bin/../lib/gcc/arm-none-eabi/11.2.1/thumb/v7-m/nofp\libg.a(lib_a-locale.o)
                0x080084f8                __locale_mb_cur_max
 .text.__smakebuf_r
                0x08008504       0xe0 d:/program files/jetbrains/gcc-arm-11.2-2022.02-mingw-w64-i686-arm-none-eabi/bin/../lib/gcc/arm-none-eabi/11.2.1/thumb/v7-m/nofp\libg.a(lib_a-makebuf.o)
                0x08008504                __smakebuf_r
 .text._malloc_r
                0x080085e4      0x558 d:/program files/jetbrains/gcc-arm-11.2-2022.02-mingw-w64-i686-arm-none-eabi/bin/../lib/gcc/arm-none-eabi/11.2.1/thumb/v7-m/nofp\libg.a(lib_a-mallocr.o)
                0x080085e4                _malloc_r
 .text.__ascii_mbtowc
                0x08008b3c       0x2c d:/program files/jetbrains/gcc-arm-11.2-2022.02-mingw-w64-i686-arm-none-eabi/bin/../lib/gcc/arm-none-eabi/11.2.1/thumb/v7-m/nofp\libg.a(lib_a-mbtowc_r.o)
                0x08008b3c                __ascii_mbtowc
 .text.memchr   0x08008b68       0x94 d:/program files/jetbrains/gcc-arm-11.2-2022.02-mingw-w64-i686-arm-none-eabi/bin/../lib/gcc/arm-none-eabi/11.2.1/thumb/v7-m/nofp\libg.a(lib_a-memchr-stub.o)
                0x08008b68                memchr
 .text.__malloc_lock
                0x08008bfc        0x4 d:/program files/jetbrains/gcc-arm-11.2-2022.02-mingw-w64-i686-arm-none-eabi/bin/../lib/gcc/arm-none-eabi/11.2.1/thumb/v7-m/nofp\libg.a(lib_a-mlock.o)
                0x08008bfc                __malloc_lock
 .text.__malloc_unlock
                0x08008c00        0x4 d:/program files/jetbrains/gcc-arm-11.2-2022.02-mingw-w64-i686-arm-none-eabi/bin/../lib/gcc/arm-none-eabi/11.2.1/thumb/v7-m/nofp\libg.a(lib_a-mlock.o)
                0x08008c00                __malloc_unlock
 .text._Balloc  0x08008c04       0x4c d:/program files/jetbrains/gcc-arm-11.2-2022.02-mingw-w64-i686-arm-none-eabi/bin/../lib/gcc/arm-none-eabi/11.2.1/thumb/v7-m/nofp\libg.a(lib_a-mprec.o)
                0x08008c04                _Balloc
 .text._Bfree   0x08008c50       0x14 d:/program files/jetbrains/gcc-arm-11.2-2022.02-mingw-w64-i686-arm-none-eabi/bin/../lib/gcc/arm-none-eabi/11.2.1/thumb/v7-m/nofp\libg.a(lib_a-mprec.o)
                0x08008c50                _Bfree
 .text.__multadd
                0x08008c64       0xa4 d:/program files/jetbrains/gcc-arm-11.2-2022.02-mingw-w64-i686-arm-none-eabi/bin/../lib/gcc/arm-none-eabi/11.2.1/thumb/v7-m/nofp\libg.a(lib_a-mprec.o)
                0x08008c64                __multadd
 .text.__hi0bits
                0x08008d08       0x40 d:/program files/jetbrains/gcc-arm-11.2-2022.02-mingw-w64-i686-arm-none-eabi/bin/../lib/gcc/arm-none-eabi/11.2.1/thumb/v7-m/nofp\libg.a(lib_a-mprec.o)
                0x08008d08                __hi0bits
 .text.__lo0bits
                0x08008d48       0x5c d:/program files/jetbrains/gcc-arm-11.2-2022.02-mingw-w64-i686-arm-none-eabi/bin/../lib/gcc/arm-none-eabi/11.2.1/thumb/v7-m/nofp\libg.a(lib_a-mprec.o)
                0x08008d48                __lo0bits
 .text.__i2b    0x08008da4       0x5c d:/program files/jetbrains/gcc-arm-11.2-2022.02-mingw-w64-i686-arm-none-eabi/bin/../lib/gcc/arm-none-eabi/11.2.1/thumb/v7-m/nofp\libg.a(lib_a-mprec.o)
                0x08008da4                __i2b
 .text.__multiply
                0x08008e00      0x15c d:/program files/jetbrains/gcc-arm-11.2-2022.02-mingw-w64-i686-arm-none-eabi/bin/../lib/gcc/arm-none-eabi/11.2.1/thumb/v7-m/nofp\libg.a(lib_a-mprec.o)
                0x08008e00                __multiply
 .text.__pow5mult
                0x08008f5c       0xb8 d:/program files/jetbrains/gcc-arm-11.2-2022.02-mingw-w64-i686-arm-none-eabi/bin/../lib/gcc/arm-none-eabi/11.2.1/thumb/v7-m/nofp\libg.a(lib_a-mprec.o)
                0x08008f5c                __pow5mult
 .text.__lshift
                0x08009014       0xec d:/program files/jetbrains/gcc-arm-11.2-2022.02-mingw-w64-i686-arm-none-eabi/bin/../lib/gcc/arm-none-eabi/11.2.1/thumb/v7-m/nofp\libg.a(lib_a-mprec.o)
                0x08009014                __lshift
 .text.__mcmp   0x08009100       0x40 d:/program files/jetbrains/gcc-arm-11.2-2022.02-mingw-w64-i686-arm-none-eabi/bin/../lib/gcc/arm-none-eabi/11.2.1/thumb/v7-m/nofp\libg.a(lib_a-mprec.o)
                0x08009100                __mcmp
 .text.__mdiff  0x08009140      0x150 d:/program files/jetbrains/gcc-arm-11.2-2022.02-mingw-w64-i686-arm-none-eabi/bin/../lib/gcc/arm-none-eabi/11.2.1/thumb/v7-m/nofp\libg.a(lib_a-mprec.o)
                0x08009140                __mdiff
 .text.__d2b    0x08009290       0xc0 d:/program files/jetbrains/gcc-arm-11.2-2022.02-mingw-w64-i686-arm-none-eabi/bin/../lib/gcc/arm-none-eabi/11.2.1/thumb/v7-m/nofp\libg.a(lib_a-mprec.o)
                0x08009290                __d2b
 .text._sbrk_r  0x08009350       0x24 d:/program files/jetbrains/gcc-arm-11.2-2022.02-mingw-w64-i686-arm-none-eabi/bin/../lib/gcc/arm-none-eabi/11.2.1/thumb/v7-m/nofp\libg.a(lib_a-sbrkr.o)
                0x08009350                _sbrk_r
 .text.frexp    0x08009374       0x70 d:/program files/jetbrains/gcc-arm-11.2-2022.02-mingw-w64-i686-arm-none-eabi/bin/../lib/gcc/arm-none-eabi/11.2.1/thumb/v7-m/nofp\libg.a(lib_a-s_frexp.o)
                0x08009374                frexp
 .text.__sread  0x080093e4       0x24 d:/program files/jetbrains/gcc-arm-11.2-2022.02-mingw-w64-i686-arm-none-eabi/bin/../lib/gcc/arm-none-eabi/11.2.1/thumb/v7-m/nofp\libg.a(lib_a-stdio.o)
                0x080093e4                __sread
 .text.__swrite
                0x08009408       0x40 d:/program files/jetbrains/gcc-arm-11.2-2022.02-mingw-w64-i686-arm-none-eabi/bin/../lib/gcc/arm-none-eabi/11.2.1/thumb/v7-m/nofp\libg.a(lib_a-stdio.o)
                0x08009408                __swrite
 .text.__sseek  0x08009448       0x20 d:/program files/jetbrains/gcc-arm-11.2-2022.02-mingw-w64-i686-arm-none-eabi/bin/../lib/gcc/arm-none-eabi/11.2.1/thumb/v7-m/nofp\libg.a(lib_a-stdio.o)
                0x08009448                __sseek
 .text.__sclose
                0x08009468        0x8 d:/program files/jetbrains/gcc-arm-11.2-2022.02-mingw-w64-i686-arm-none-eabi/bin/../lib/gcc/arm-none-eabi/11.2.1/thumb/v7-m/nofp\libg.a(lib_a-stdio.o)
                0x08009468                __sclose
 .text.strlen   0x08009470       0x5c d:/program files/jetbrains/gcc-arm-11.2-2022.02-mingw-w64-i686-arm-none-eabi/bin/../lib/gcc/arm-none-eabi/11.2.1/thumb/v7-m/nofp\libg.a(lib_a-strlen-stub.o)
                0x08009470                strlen
 .text.strncpy  0x080094cc       0x68 d:/program files/jetbrains/gcc-arm-11.2-2022.02-mingw-w64-i686-arm-none-eabi/bin/../lib/gcc/arm-none-eabi/11.2.1/thumb/v7-m/nofp\libg.a(lib_a-strncpy.o)
                0x080094cc                strncpy
 .text.__sprint_r.part.0
                0x08009534       0x78 d:/program files/jetbrains/gcc-arm-11.2-2022.02-mingw-w64-i686-arm-none-eabi/bin/../lib/gcc/arm-none-eabi/11.2.1/thumb/v7-m/nofp\libg.a(lib_a-vfiprintf.o)
 .text.__sprint_r
                0x080095ac       0x14 d:/program files/jetbrains/gcc-arm-11.2-2022.02-mingw-w64-i686-arm-none-eabi/bin/../lib/gcc/arm-none-eabi/11.2.1/thumb/v7-m/nofp\libg.a(lib_a-vfiprintf.o)
                0x080095ac                __sprint_r
 .text._vfiprintf_r
                0x080095c0      0xecc d:/program files/jetbrains/gcc-arm-11.2-2022.02-mingw-w64-i686-arm-none-eabi/bin/../lib/gcc/arm-none-eabi/11.2.1/thumb/v7-m/nofp\libg.a(lib_a-vfiprintf.o)
                0x080095c0                _vfiprintf_r
 .text.__sbprintf
                0x0800a48c       0x6c d:/program files/jetbrains/gcc-arm-11.2-2022.02-mingw-w64-i686-arm-none-eabi/bin/../lib/gcc/arm-none-eabi/11.2.1/thumb/v7-m/nofp\libg.a(lib_a-vfiprintf.o)
 .text._wcsnrtombs_l
                0x0800a4f8       0xfc d:/program files/jetbrains/gcc-arm-11.2-2022.02-mingw-w64-i686-arm-none-eabi/bin/../lib/gcc/arm-none-eabi/11.2.1/thumb/v7-m/nofp\libg.a(lib_a-wcsnrtombs.o)
                0x0800a4f8                _wcsnrtombs_l
 .text._wcsnrtombs_r
                0x0800a5f4       0x24 d:/program files/jetbrains/gcc-arm-11.2-2022.02-mingw-w64-i686-arm-none-eabi/bin/../lib/gcc/arm-none-eabi/11.2.1/thumb/v7-m/nofp\libg.a(lib_a-wcsnrtombs.o)
                0x0800a5f4                _wcsnrtombs_r
 .text.__ascii_wctomb
                0x0800a618       0x1c d:/program files/jetbrains/gcc-arm-11.2-2022.02-mingw-w64-i686-arm-none-eabi/bin/../lib/gcc/arm-none-eabi/11.2.1/thumb/v7-m/nofp\libg.a(lib_a-wctomb_r.o)
                0x0800a618                __ascii_wctomb
 .text._write_r
                0x0800a634       0x2c d:/program files/jetbrains/gcc-arm-11.2-2022.02-mingw-w64-i686-arm-none-eabi/bin/../lib/gcc/arm-none-eabi/11.2.1/thumb/v7-m/nofp\libg.a(lib_a-writer.o)
                0x0800a634                _write_r
 .text.__assert_func
                0x0800a660       0x40 d:/program files/jetbrains/gcc-arm-11.2-2022.02-mingw-w64-i686-arm-none-eabi/bin/../lib/gcc/arm-none-eabi/11.2.1/thumb/v7-m/nofp\libg.a(lib_a-assert.o)
                0x0800a660                __assert_func
 .text._calloc_r
                0x0800a6a0       0x78 d:/program files/jetbrains/gcc-arm-11.2-2022.02-mingw-w64-i686-arm-none-eabi/bin/../lib/gcc/arm-none-eabi/11.2.1/thumb/v7-m/nofp\libg.a(lib_a-callocr.o)
                0x0800a6a0                _calloc_r
 .text._close_r
                0x0800a718       0x24 d:/program files/jetbrains/gcc-arm-11.2-2022.02-mingw-w64-i686-arm-none-eabi/bin/../lib/gcc/arm-none-eabi/11.2.1/thumb/v7-m/nofp\libg.a(lib_a-closer.o)
                0x0800a718                _close_r
 .text._fclose_r
                0x0800a73c       0x88 d:/program files/jetbrains/gcc-arm-11.2-2022.02-mingw-w64-i686-arm-none-eabi/bin/../lib/gcc/arm-none-eabi/11.2.1/thumb/v7-m/nofp\libg.a(lib_a-fclose.o)
                0x0800a73c                _fclose_r
 .text.fiprintf
                0x0800a7c4       0x28 d:/program files/jetbrains/gcc-arm-11.2-2022.02-mingw-w64-i686-arm-none-eabi/bin/../lib/gcc/arm-none-eabi/11.2.1/thumb/v7-m/nofp\libg.a(lib_a-fiprintf.o)
                0x0800a7c4                fiprintf
 .text.__fputwc
                0x0800a7ec       0xa0 d:/program files/jetbrains/gcc-arm-11.2-2022.02-mingw-w64-i686-arm-none-eabi/bin/../lib/gcc/arm-none-eabi/11.2.1/thumb/v7-m/nofp\libg.a(lib_a-fputwc.o)
                0x0800a7ec                __fputwc
 .text._fputwc_r
                0x0800a88c       0x24 d:/program files/jetbrains/gcc-arm-11.2-2022.02-mingw-w64-i686-arm-none-eabi/bin/../lib/gcc/arm-none-eabi/11.2.1/thumb/v7-m/nofp\libg.a(lib_a-fputwc.o)
                0x0800a88c                _fputwc_r
 .text._fstat_r
                0x0800a8b0       0x28 d:/program files/jetbrains/gcc-arm-11.2-2022.02-mingw-w64-i686-arm-none-eabi/bin/../lib/gcc/arm-none-eabi/11.2.1/thumb/v7-m/nofp\libg.a(lib_a-fstatr.o)
                0x0800a8b0                _fstat_r
 .text.__sfvwrite_r
                0x0800a8d8      0x2e8 d:/program files/jetbrains/gcc-arm-11.2-2022.02-mingw-w64-i686-arm-none-eabi/bin/../lib/gcc/arm-none-eabi/11.2.1/thumb/v7-m/nofp\libg.a(lib_a-fvwrite.o)
                0x0800a8d8                __sfvwrite_r
 .text._isatty_r
                0x0800abc0       0x24 d:/program files/jetbrains/gcc-arm-11.2-2022.02-mingw-w64-i686-arm-none-eabi/bin/../lib/gcc/arm-none-eabi/11.2.1/thumb/v7-m/nofp\libg.a(lib_a-isattyr.o)
                0x0800abc0                _isatty_r
 .text._lseek_r
                0x0800abe4       0x2c d:/program files/jetbrains/gcc-arm-11.2-2022.02-mingw-w64-i686-arm-none-eabi/bin/../lib/gcc/arm-none-eabi/11.2.1/thumb/v7-m/nofp\libg.a(lib_a-lseekr.o)
                0x0800abe4                _lseek_r
 .text.memmove  0x0800ac10       0xf8 d:/program files/jetbrains/gcc-arm-11.2-2022.02-mingw-w64-i686-arm-none-eabi/bin/../lib/gcc/arm-none-eabi/11.2.1/thumb/v7-m/nofp\libg.a(lib_a-memmove.o)
                0x0800ac10                memmove
 .text._read_r  0x0800ad08       0x2c d:/program files/jetbrains/gcc-arm-11.2-2022.02-mingw-w64-i686-arm-none-eabi/bin/../lib/gcc/arm-none-eabi/11.2.1/thumb/v7-m/nofp\libg.a(lib_a-readr.o)
                0x0800ad08                _read_r
 .text._realloc_r
                0x0800ad34      0x3e0 d:/program files/jetbrains/gcc-arm-11.2-2022.02-mingw-w64-i686-arm-none-eabi/bin/../lib/gcc/arm-none-eabi/11.2.1/thumb/v7-m/nofp\libg.a(lib_a-reallocr.o)
                0x0800ad34                _realloc_r
 .text.__swbuf_r
                0x0800b114       0xb0 d:/program files/jetbrains/gcc-arm-11.2-2022.02-mingw-w64-i686-arm-none-eabi/bin/../lib/gcc/arm-none-eabi/11.2.1/thumb/v7-m/nofp\libg.a(lib_a-wbuf.o)
                0x0800b114                __swbuf_r
 .text.abort    0x0800b1c4       0x10 d:/program files/jetbrains/gcc-arm-11.2-2022.02-mingw-w64-i686-arm-none-eabi/bin/../lib/gcc/arm-none-eabi/11.2.1/thumb/v7-m/nofp\libg.a(lib_a-abort.o)
                0x0800b1c4                abort
 .text.raise    0x0800b1d4       0x5c d:/program files/jetbrains/gcc-arm-11.2-2022.02-mingw-w64-i686-arm-none-eabi/bin/../lib/gcc/arm-none-eabi/11.2.1/thumb/v7-m/nofp\libg.a(lib_a-signal.o)
                0x0800b1d4                raise
 .text._kill_r  0x0800b230       0x28 d:/program files/jetbrains/gcc-arm-11.2-2022.02-mingw-w64-i686-arm-none-eabi/bin/../lib/gcc/arm-none-eabi/11.2.1/thumb/v7-m/nofp\libg.a(lib_a-signalr.o)
                0x0800b230                _kill_r
 .text._getpid_r
                0x0800b258        0x4 d:/program files/jetbrains/gcc-arm-11.2-2022.02-mingw-w64-i686-arm-none-eabi/bin/../lib/gcc/arm-none-eabi/11.2.1/thumb/v7-m/nofp\libg.a(lib_a-signalr.o)
                0x0800b258                _getpid_r
 *(.glue_7)
 .glue_7        0x0800b25c        0x0 linker stubs
 *(.glue_7t)
 .glue_7t       0x0800b25c        0x0 linker stubs
 *(.eh_frame)
 .eh_frame      0x0800b25c        0x0 d:/program files/jetbrains/gcc-arm-11.2-2022.02-mingw-w64-i686-arm-none-eabi/bin/../lib/gcc/arm-none-eabi/11.2.1/thumb/v7-m/nofp/crtbegin.o
 *(.init)
 .init          0x0800b25c        0x4 d:/program files/jetbrains/gcc-arm-11.2-2022.02-mingw-w64-i686-arm-none-eabi/bin/../lib/gcc/arm-none-eabi/11.2.1/thumb/v7-m/nofp/crti.o
                0x0800b25c                _init
 .init          0x0800b260        0x8 d:/program files/jetbrains/gcc-arm-11.2-2022.02-mingw-w64-i686-arm-none-eabi/bin/../lib/gcc/arm-none-eabi/11.2.1/thumb/v7-m/nofp/crtn.o
 *(.fini)
 .fini          0x0800b268        0x4 d:/program files/jetbrains/gcc-arm-11.2-2022.02-mingw-w64-i686-arm-none-eabi/bin/../lib/gcc/arm-none-eabi/11.2.1/thumb/v7-m/nofp/crti.o
                0x0800b268                _fini
 .fini          0x0800b26c        0x8 d:/program files/jetbrains/gcc-arm-11.2-2022.02-mingw-w64-i686-arm-none-eabi/bin/../lib/gcc/arm-none-eabi/11.2.1/thumb/v7-m/nofp/crtn.o
                0x0800b274                . = ALIGN (0x4)
                0x0800b274                _etext = .

.vfp11_veneer   0x0800b274        0x0
 .vfp11_veneer  0x0800b274        0x0 linker stubs

.v4_bx          0x0800b274        0x0
 .v4_bx         0x0800b274        0x0 linker stubs

.iplt           0x0800b274        0x0
 .iplt          0x0800b274        0x0 d:/program files/jetbrains/gcc-arm-11.2-2022.02-mingw-w64-i686-arm-none-eabi/bin/../lib/gcc/arm-none-eabi/11.2.1/thumb/v7-m/nofp/crtbegin.o

.rodata         0x0800b278      0x4a0
                0x0800b278                . = ALIGN (0x4)
 *(.rodata)
 *(.rodata*)
 .rodata.StartDefaultTask.str1.4
                0x0800b278        0x8 CMakeFiles/makeRobot.elf.dir/Core/Src/freertos.c.obj
 .rodata.str1.4
                0x0800b280       0x18 CMakeFiles/makeRobot.elf.dir/Core/Src/freertos.c.obj
 .rodata.defaultTask_attributes
                0x0800b298       0x24 CMakeFiles/makeRobot.elf.dir/Core/Src/freertos.c.obj
                0x0800b298                defaultTask_attributes
 .rodata.myTaskMotor_attributes
                0x0800b2bc       0x24 CMakeFiles/makeRobot.elf.dir/Core/Src/freertos.c.obj
                0x0800b2bc                myTaskMotor_attributes
 .rodata.HardFault_Handler.str1.4
                0x0800b2e0        0xb CMakeFiles/makeRobot.elf.dir/Core/Src/stm32f1xx_it.c.obj
 *fill*         0x0800b2eb        0x1 
 .rodata.AHBPrescTable
                0x0800b2ec       0x10 CMakeFiles/makeRobot.elf.dir/Core/Src/system_stm32f1xx.c.obj
                0x0800b2ec                AHBPrescTable
 .rodata.APBPrescTable
                0x0800b2fc        0x8 CMakeFiles/makeRobot.elf.dir/Core/Src/system_stm32f1xx.c.obj
                0x0800b2fc                APBPrescTable
 .rodata.HAL_RCC_GetSysClockFreq.str1.4
                0x0800b304       0x11 CMakeFiles/makeRobot.elf.dir/Drivers/STM32F1xx_HAL_Driver/Src/stm32f1xx_hal_rcc.c.obj
 *fill*         0x0800b315        0x3 
 .rodata.vTaskStartScheduler.str1.4
                0x0800b318        0x5 CMakeFiles/makeRobot.elf.dir/Middlewares/Third_Party/FreeRTOS/Source/tasks.c.obj
 *fill*         0x0800b31d        0x3 
 .rodata.prvCheckForValidListAndQueue.str1.4
                0x0800b320        0x5 CMakeFiles/makeRobot.elf.dir/Middlewares/Third_Party/FreeRTOS/Source/timers.c.obj
 *fill*         0x0800b325        0x3 
 .rodata.xTimerCreateTimerTask.str1.4
                0x0800b328        0x8 CMakeFiles/makeRobot.elf.dir/Middlewares/Third_Party/FreeRTOS/Source/timers.c.obj
 .rodata._vfprintf_r.str1.4
                0x0800b330       0x42 d:/program files/jetbrains/gcc-arm-11.2-2022.02-mingw-w64-i686-arm-none-eabi/bin/../lib/gcc/arm-none-eabi/11.2.1/thumb/v7-m/nofp\libg.a(lib_a-vfprintf.o)
 *fill*         0x0800b372        0x2 
 .rodata.blanks.1
                0x0800b374       0x10 d:/program files/jetbrains/gcc-arm-11.2-2022.02-mingw-w64-i686-arm-none-eabi/bin/../lib/gcc/arm-none-eabi/11.2.1/thumb/v7-m/nofp\libg.a(lib_a-vfprintf.o)
 .rodata.zeroes.0
                0x0800b384       0x10 d:/program files/jetbrains/gcc-arm-11.2-2022.02-mingw-w64-i686-arm-none-eabi/bin/../lib/gcc/arm-none-eabi/11.2.1/thumb/v7-m/nofp\libg.a(lib_a-vfprintf.o)
 .rodata._dtoa_r.str1.4
                0x0800b394       0x7d d:/program files/jetbrains/gcc-arm-11.2-2022.02-mingw-w64-i686-arm-none-eabi/bin/../lib/gcc/arm-none-eabi/11.2.1/thumb/v7-m/nofp\libg.a(lib_a-dtoa.o)
                                 0x81 (size before relaxing)
 *fill*         0x0800b411        0x3 
 .rodata.str1.4
                0x0800b414       0x48 d:/program files/jetbrains/gcc-arm-11.2-2022.02-mingw-w64-i686-arm-none-eabi/bin/../lib/gcc/arm-none-eabi/11.2.1/thumb/v7-m/nofp\libg.a(lib_a-locale.o)
                                 0x4c (size before relaxing)
 .rodata.__multadd.str1.4
                0x0800b45c       0x5a d:/program files/jetbrains/gcc-arm-11.2-2022.02-mingw-w64-i686-arm-none-eabi/bin/../lib/gcc/arm-none-eabi/11.2.1/thumb/v7-m/nofp\libg.a(lib_a-mprec.o)
                                 0x6e (size before relaxing)
 *fill*         0x0800b4b6        0x2 
 .rodata.__mprec_bigtens
                0x0800b4b8       0x28 d:/program files/jetbrains/gcc-arm-11.2-2022.02-mingw-w64-i686-arm-none-eabi/bin/../lib/gcc/arm-none-eabi/11.2.1/thumb/v7-m/nofp\libg.a(lib_a-mprec.o)
                0x0800b4b8                __mprec_bigtens
 .rodata.__mprec_tens
                0x0800b4e0       0xc8 d:/program files/jetbrains/gcc-arm-11.2-2022.02-mingw-w64-i686-arm-none-eabi/bin/../lib/gcc/arm-none-eabi/11.2.1/thumb/v7-m/nofp\libg.a(lib_a-mprec.o)
                0x0800b4e0                __mprec_tens
 .rodata.p05.0  0x0800b5a8        0xc d:/program files/jetbrains/gcc-arm-11.2-2022.02-mingw-w64-i686-arm-none-eabi/bin/../lib/gcc/arm-none-eabi/11.2.1/thumb/v7-m/nofp\libg.a(lib_a-mprec.o)
 .rodata._vfiprintf_r.str1.4
                0x0800b5b4       0x2f d:/program files/jetbrains/gcc-arm-11.2-2022.02-mingw-w64-i686-arm-none-eabi/bin/../lib/gcc/arm-none-eabi/11.2.1/thumb/v7-m/nofp\libg.a(lib_a-vfiprintf.o)
 .rodata.blanks.1
                0x0800b5b4       0x10 d:/program files/jetbrains/gcc-arm-11.2-2022.02-mingw-w64-i686-arm-none-eabi/bin/../lib/gcc/arm-none-eabi/11.2.1/thumb/v7-m/nofp\libg.a(lib_a-vfiprintf.o)
 .rodata.zeroes.0
                0x0800b5c4       0x10 d:/program files/jetbrains/gcc-arm-11.2-2022.02-mingw-w64-i686-arm-none-eabi/bin/../lib/gcc/arm-none-eabi/11.2.1/thumb/v7-m/nofp\libg.a(lib_a-vfiprintf.o)
 .rodata.__assert_func.str1.4
                0x0800b5d4       0x3f d:/program files/jetbrains/gcc-arm-11.2-2022.02-mingw-w64-i686-arm-none-eabi/bin/../lib/gcc/arm-none-eabi/11.2.1/thumb/v7-m/nofp\libg.a(lib_a-assert.o)
                                 0x43 (size before relaxing)
 *fill*         0x0800b613        0x1 
 .rodata._ctype_
                0x0800b614      0x101 d:/program files/jetbrains/gcc-arm-11.2-2022.02-mingw-w64-i686-arm-none-eabi/bin/../lib/gcc/arm-none-eabi/11.2.1/thumb/v7-m/nofp\libg.a(lib_a-ctype_.o)
                0x0800b614                _ctype_
                0x0800b718                . = ALIGN (0x4)
 *fill*         0x0800b715        0x3 

.rel.dyn        0x0800b718        0x0
 .rel.iplt      0x0800b718        0x0 d:/program files/jetbrains/gcc-arm-11.2-2022.02-mingw-w64-i686-arm-none-eabi/bin/../lib/gcc/arm-none-eabi/11.2.1/thumb/v7-m/nofp/crtbegin.o

.ARM.extab
 *(.ARM.extab* .gnu.linkonce.armextab.*)

.ARM            0x0800b718        0x0
                0x0800b718                __exidx_start = .
 *(.ARM.exidx*)
                0x0800b718                __exidx_end = .

.preinit_array  0x0800b718        0x0
                0x0800b718                PROVIDE (__preinit_array_start = .)
 *(.preinit_array*)
                0x0800b718                PROVIDE (__preinit_array_end = .)

.init_array     0x0800b718        0x4
                0x0800b718                PROVIDE (__init_array_start = .)
 *(SORT_BY_NAME(.init_array.*))
 *(.init_array*)
 .init_array    0x0800b718        0x4 d:/program files/jetbrains/gcc-arm-11.2-2022.02-mingw-w64-i686-arm-none-eabi/bin/../lib/gcc/arm-none-eabi/11.2.1/thumb/v7-m/nofp/crtbegin.o
                0x0800b71c                PROVIDE (__init_array_end = .)

.fini_array     0x0800b71c        0x4
                [!provide]                PROVIDE (__fini_array_start = .)
 *(SORT_BY_NAME(.fini_array.*))
 *(.fini_array*)
 .fini_array    0x0800b71c        0x4 d:/program files/jetbrains/gcc-arm-11.2-2022.02-mingw-w64-i686-arm-none-eabi/bin/../lib/gcc/arm-none-eabi/11.2.1/thumb/v7-m/nofp/crtbegin.o
                [!provide]                PROVIDE (__fini_array_end = .)
                0x0800b720                _sidata = LOADADDR (.data)

.data           0x20000000      0x9bc load address 0x0800b720
                0x20000000                . = ALIGN (0x4)
                0x20000000                _sdata = .
 *(.data)
 *(.data*)
 .data.SystemCoreClock
                0x20000000        0x4 CMakeFiles/makeRobot.elf.dir/Core/Src/system_stm32f1xx.c.obj
                0x20000000                SystemCoreClock
 .data.uwTickFreq
                0x20000004        0x1 CMakeFiles/makeRobot.elf.dir/Drivers/STM32F1xx_HAL_Driver/Src/stm32f1xx_hal.c.obj
                0x20000004                uwTickFreq
 *fill*         0x20000005        0x3 
 .data.uwTickPrio
                0x20000008        0x4 CMakeFiles/makeRobot.elf.dir/Drivers/STM32F1xx_HAL_Driver/Src/stm32f1xx_hal.c.obj
                0x20000008                uwTickPrio
 .data.uxCriticalNesting
                0x2000000c        0x4 CMakeFiles/makeRobot.elf.dir/Middlewares/Third_Party/FreeRTOS/Source/portable/GCC/ARM_CM3/port.c.obj
 .data._impure_ptr
                0x20000010        0x4 d:/program files/jetbrains/gcc-arm-11.2-2022.02-mingw-w64-i686-arm-none-eabi/bin/../lib/gcc/arm-none-eabi/11.2.1/thumb/v7-m/nofp\libg.a(lib_a-impure.o)
                0x20000010                _impure_ptr
 *fill*         0x20000014        0x4 
 .data.impure_data
                0x20000018      0x428 d:/program files/jetbrains/gcc-arm-11.2-2022.02-mingw-w64-i686-arm-none-eabi/bin/../lib/gcc/arm-none-eabi/11.2.1/thumb/v7-m/nofp\libg.a(lib_a-impure.o)
 .data.__global_locale
                0x20000440      0x16c d:/program files/jetbrains/gcc-arm-11.2-2022.02-mingw-w64-i686-arm-none-eabi/bin/../lib/gcc/arm-none-eabi/11.2.1/thumb/v7-m/nofp\libg.a(lib_a-locale.o)
                0x20000440                __global_locale
 .data.__malloc_av_
                0x200005ac      0x408 d:/program files/jetbrains/gcc-arm-11.2-2022.02-mingw-w64-i686-arm-none-eabi/bin/../lib/gcc/arm-none-eabi/11.2.1/thumb/v7-m/nofp\libg.a(lib_a-mallocr.o)
                0x200005ac                __malloc_av_
 .data.__malloc_sbrk_base
                0x200009b4        0x4 d:/program files/jetbrains/gcc-arm-11.2-2022.02-mingw-w64-i686-arm-none-eabi/bin/../lib/gcc/arm-none-eabi/11.2.1/thumb/v7-m/nofp\libg.a(lib_a-mallocr.o)
                0x200009b4                __malloc_sbrk_base
 .data.__malloc_trim_threshold
                0x200009b8        0x4 d:/program files/jetbrains/gcc-arm-11.2-2022.02-mingw-w64-i686-arm-none-eabi/bin/../lib/gcc/arm-none-eabi/11.2.1/thumb/v7-m/nofp\libg.a(lib_a-mallocr.o)
                0x200009b8                __malloc_trim_threshold
                0x200009bc                . = ALIGN (0x4)
                0x200009bc                _edata = .

.tm_clone_table
                0x200009bc        0x0 load address 0x0800c0dc
 .tm_clone_table
                0x200009bc        0x0 d:/program files/jetbrains/gcc-arm-11.2-2022.02-mingw-w64-i686-arm-none-eabi/bin/../lib/gcc/arm-none-eabi/11.2.1/thumb/v7-m/nofp/crtbegin.o
 .tm_clone_table
                0x200009bc        0x0 d:/program files/jetbrains/gcc-arm-11.2-2022.02-mingw-w64-i686-arm-none-eabi/bin/../lib/gcc/arm-none-eabi/11.2.1/thumb/v7-m/nofp/crtend.o

.igot.plt       0x200009bc        0x0 load address 0x0800c0dc
 .igot.plt      0x200009bc        0x0 d:/program files/jetbrains/gcc-arm-11.2-2022.02-mingw-w64-i686-arm-none-eabi/bin/../lib/gcc/arm-none-eabi/11.2.1/thumb/v7-m/nofp/crtbegin.o
                0x200009bc                . = ALIGN (0x4)

.bss            0x200009bc     0x1ce8 load address 0x0800c0dc
                0x200009bc                _sbss = .
                0x200009bc                __bss_start__ = _sbss
 *(.bss)
 *(.bss*)
 .bss.completed.1
                0x200009bc        0x1 d:/program files/jetbrains/gcc-arm-11.2-2022.02-mingw-w64-i686-arm-none-eabi/bin/../lib/gcc/arm-none-eabi/11.2.1/thumb/v7-m/nofp/crtbegin.o
 *fill*         0x200009bd        0x3 
 .bss.object.0  0x200009c0       0x18 d:/program files/jetbrains/gcc-arm-11.2-2022.02-mingw-w64-i686-arm-none-eabi/bin/../lib/gcc/arm-none-eabi/11.2.1/thumb/v7-m/nofp/crtbegin.o
 .bss.carInfo   0x200009d8        0x3 CMakeFiles/makeRobot.elf.dir/Core/Src/freertos.c.obj
                0x200009d8                carInfo
 *fill*         0x200009db        0x1 
 .bss.defaultTaskHandle
                0x200009dc        0x4 CMakeFiles/makeRobot.elf.dir/Core/Src/freertos.c.obj
                0x200009dc                defaultTaskHandle
 .bss.motorInfoList
                0x200009e0      0x168 CMakeFiles/makeRobot.elf.dir/Core/Src/freertos.c.obj
                0x200009e0                motorInfoList
 .bss.myTaskMotorHandle
                0x20000b48        0x4 CMakeFiles/makeRobot.elf.dir/Core/Src/freertos.c.obj
                0x20000b48                myTaskMotorHandle
 .bss.hi2c1     0x20000b4c       0x54 CMakeFiles/makeRobot.elf.dir/Core/Src/i2c.c.obj
                0x20000b4c                hi2c1
 .bss.htim6     0x20000ba0       0x48 CMakeFiles/makeRobot.elf.dir/Core/Src/stm32f1xx_hal_timebase_tim.c.obj
                0x20000ba0                htim6
 .bss.heap_end.0
                0x20000be8        0x4 CMakeFiles/makeRobot.elf.dir/Core/Src/syscalls.c.obj
 .bss.htim2     0x20000bec       0x48 CMakeFiles/makeRobot.elf.dir/Core/Src/tim.c.obj
                0x20000bec                htim2
 .bss.htim3     0x20000c34       0x48 CMakeFiles/makeRobot.elf.dir/Core/Src/tim.c.obj
                0x20000c34                htim3
 .bss.htim4     0x20000c7c       0x48 CMakeFiles/makeRobot.elf.dir/Core/Src/tim.c.obj
                0x20000c7c                htim4
 .bss.huart3    0x20000cc4       0x44 CMakeFiles/makeRobot.elf.dir/Core/Src/usart.c.obj
                0x20000cc4                huart3
 .bss.RxBuffer  0x20000d08       0x14 CMakeFiles/makeRobot.elf.dir/Core/Src/user/data_trans.c.obj
                0x20000d08                RxBuffer
 .bss.RxCounter
                0x20000d1c        0x1 CMakeFiles/makeRobot.elf.dir/Core/Src/user/data_trans.c.obj
                0x20000d1c                RxCounter
 .bss.Rx_Temp   0x20000d1d        0x1 CMakeFiles/makeRobot.elf.dir/Core/Src/user/data_trans.c.obj
                0x20000d1d                Rx_Temp
 *fill*         0x20000d1e        0x2 
 .bss.uwTick    0x20000d20        0x4 CMakeFiles/makeRobot.elf.dir/Drivers/STM32F1xx_HAL_Driver/Src/stm32f1xx_hal.c.obj
                0x20000d20                uwTick
 .bss.Idle_Stack
                0x20000d24      0x200 CMakeFiles/makeRobot.elf.dir/Middlewares/Third_Party/FreeRTOS/Source/CMSIS_RTOS_V2/cmsis_os2.c.obj
 .bss.Idle_TCB  0x20000f24       0x5c CMakeFiles/makeRobot.elf.dir/Middlewares/Third_Party/FreeRTOS/Source/CMSIS_RTOS_V2/cmsis_os2.c.obj
 .bss.KernelState
                0x20000f80        0x4 CMakeFiles/makeRobot.elf.dir/Middlewares/Third_Party/FreeRTOS/Source/CMSIS_RTOS_V2/cmsis_os2.c.obj
 .bss.Timer_Stack
                0x20000f84      0x400 CMakeFiles/makeRobot.elf.dir/Middlewares/Third_Party/FreeRTOS/Source/CMSIS_RTOS_V2/cmsis_os2.c.obj
 .bss.Timer_TCB
                0x20001384       0x5c CMakeFiles/makeRobot.elf.dir/Middlewares/Third_Party/FreeRTOS/Source/CMSIS_RTOS_V2/cmsis_os2.c.obj
 .bss.ucMaxSysCallPriority
                0x200013e0        0x1 CMakeFiles/makeRobot.elf.dir/Middlewares/Third_Party/FreeRTOS/Source/portable/GCC/ARM_CM3/port.c.obj
 *fill*         0x200013e1        0x3 
 .bss.ulMaxPRIGROUPValue
                0x200013e4        0x4 CMakeFiles/makeRobot.elf.dir/Middlewares/Third_Party/FreeRTOS/Source/portable/GCC/ARM_CM3/port.c.obj
 .bss.pxEnd     0x200013e8        0x4 CMakeFiles/makeRobot.elf.dir/Middlewares/Third_Party/FreeRTOS/Source/portable/MemMang/heap_4.c.obj
 .bss.ucHeap    0x200013ec      0xc00 CMakeFiles/makeRobot.elf.dir/Middlewares/Third_Party/FreeRTOS/Source/portable/MemMang/heap_4.c.obj
 .bss.xBlockAllocatedBit
                0x20001fec        0x4 CMakeFiles/makeRobot.elf.dir/Middlewares/Third_Party/FreeRTOS/Source/portable/MemMang/heap_4.c.obj
 .bss.xFreeBytesRemaining
                0x20001ff0        0x4 CMakeFiles/makeRobot.elf.dir/Middlewares/Third_Party/FreeRTOS/Source/portable/MemMang/heap_4.c.obj
 .bss.xMinimumEverFreeBytesRemaining
                0x20001ff4        0x4 CMakeFiles/makeRobot.elf.dir/Middlewares/Third_Party/FreeRTOS/Source/portable/MemMang/heap_4.c.obj
 .bss.xStart    0x20001ff8        0x8 CMakeFiles/makeRobot.elf.dir/Middlewares/Third_Party/FreeRTOS/Source/portable/MemMang/heap_4.c.obj
 .bss.xQueueRegistry
                0x20002000       0x40 CMakeFiles/makeRobot.elf.dir/Middlewares/Third_Party/FreeRTOS/Source/queue.c.obj
                0x20002000                xQueueRegistry
 .bss.pxCurrentTCB
                0x20002040        0x4 CMakeFiles/makeRobot.elf.dir/Middlewares/Third_Party/FreeRTOS/Source/tasks.c.obj
                0x20002040                pxCurrentTCB
 .bss.pxDelayedTaskList
                0x20002044        0x4 CMakeFiles/makeRobot.elf.dir/Middlewares/Third_Party/FreeRTOS/Source/tasks.c.obj
 .bss.pxOverflowDelayedTaskList
                0x20002048        0x4 CMakeFiles/makeRobot.elf.dir/Middlewares/Third_Party/FreeRTOS/Source/tasks.c.obj
 .bss.pxReadyTasksLists
                0x2000204c      0x460 CMakeFiles/makeRobot.elf.dir/Middlewares/Third_Party/FreeRTOS/Source/tasks.c.obj
 .bss.uxCurrentNumberOfTasks
                0x200024ac        0x4 CMakeFiles/makeRobot.elf.dir/Middlewares/Third_Party/FreeRTOS/Source/tasks.c.obj
 .bss.uxDeletedTasksWaitingCleanUp
                0x200024b0        0x4 CMakeFiles/makeRobot.elf.dir/Middlewares/Third_Party/FreeRTOS/Source/tasks.c.obj
 .bss.uxPendedTicks
                0x200024b4        0x4 CMakeFiles/makeRobot.elf.dir/Middlewares/Third_Party/FreeRTOS/Source/tasks.c.obj
 .bss.uxSchedulerSuspended
                0x200024b8        0x4 CMakeFiles/makeRobot.elf.dir/Middlewares/Third_Party/FreeRTOS/Source/tasks.c.obj
 .bss.uxTaskNumber
                0x200024bc        0x4 CMakeFiles/makeRobot.elf.dir/Middlewares/Third_Party/FreeRTOS/Source/tasks.c.obj
 .bss.uxTopReadyPriority
                0x200024c0        0x4 CMakeFiles/makeRobot.elf.dir/Middlewares/Third_Party/FreeRTOS/Source/tasks.c.obj
 .bss.xDelayedTaskList1
                0x200024c4       0x14 CMakeFiles/makeRobot.elf.dir/Middlewares/Third_Party/FreeRTOS/Source/tasks.c.obj
 .bss.xDelayedTaskList2
                0x200024d8       0x14 CMakeFiles/makeRobot.elf.dir/Middlewares/Third_Party/FreeRTOS/Source/tasks.c.obj
 .bss.xIdleTaskHandle
                0x200024ec        0x4 CMakeFiles/makeRobot.elf.dir/Middlewares/Third_Party/FreeRTOS/Source/tasks.c.obj
 .bss.xNextTaskUnblockTime
                0x200024f0        0x4 CMakeFiles/makeRobot.elf.dir/Middlewares/Third_Party/FreeRTOS/Source/tasks.c.obj
 .bss.xNumOfOverflows
                0x200024f4        0x4 CMakeFiles/makeRobot.elf.dir/Middlewares/Third_Party/FreeRTOS/Source/tasks.c.obj
 .bss.xPendingReadyList
                0x200024f8       0x14 CMakeFiles/makeRobot.elf.dir/Middlewares/Third_Party/FreeRTOS/Source/tasks.c.obj
 .bss.xSchedulerRunning
                0x2000250c        0x4 CMakeFiles/makeRobot.elf.dir/Middlewares/Third_Party/FreeRTOS/Source/tasks.c.obj
 .bss.xSuspendedTaskList
                0x20002510       0x14 CMakeFiles/makeRobot.elf.dir/Middlewares/Third_Party/FreeRTOS/Source/tasks.c.obj
 .bss.xTasksWaitingTermination
                0x20002524       0x14 CMakeFiles/makeRobot.elf.dir/Middlewares/Third_Party/FreeRTOS/Source/tasks.c.obj
 .bss.xTickCount
                0x20002538        0x4 CMakeFiles/makeRobot.elf.dir/Middlewares/Third_Party/FreeRTOS/Source/tasks.c.obj
 .bss.xYieldPending
                0x2000253c        0x4 CMakeFiles/makeRobot.elf.dir/Middlewares/Third_Party/FreeRTOS/Source/tasks.c.obj
 .bss.pxCurrentTimerList
                0x20002540        0x4 CMakeFiles/makeRobot.elf.dir/Middlewares/Third_Party/FreeRTOS/Source/timers.c.obj
 .bss.pxOverflowTimerList
                0x20002544        0x4 CMakeFiles/makeRobot.elf.dir/Middlewares/Third_Party/FreeRTOS/Source/timers.c.obj
 .bss.ucStaticTimerQueueStorage.1
                0x20002548       0xa0 CMakeFiles/makeRobot.elf.dir/Middlewares/Third_Party/FreeRTOS/Source/timers.c.obj
 .bss.xActiveTimerList1
                0x200025e8       0x14 CMakeFiles/makeRobot.elf.dir/Middlewares/Third_Party/FreeRTOS/Source/timers.c.obj
 .bss.xActiveTimerList2
                0x200025fc       0x14 CMakeFiles/makeRobot.elf.dir/Middlewares/Third_Party/FreeRTOS/Source/timers.c.obj
 .bss.xLastTime.2
                0x20002610        0x4 CMakeFiles/makeRobot.elf.dir/Middlewares/Third_Party/FreeRTOS/Source/timers.c.obj
 .bss.xStaticTimerQueue.0
                0x20002614       0x50 CMakeFiles/makeRobot.elf.dir/Middlewares/Third_Party/FreeRTOS/Source/timers.c.obj
 .bss.xTimerQueue
                0x20002664        0x4 CMakeFiles/makeRobot.elf.dir/Middlewares/Third_Party/FreeRTOS/Source/timers.c.obj
 .bss.xTimerTaskHandle
                0x20002668        0x4 CMakeFiles/makeRobot.elf.dir/Middlewares/Third_Party/FreeRTOS/Source/timers.c.obj
 .bss.__malloc_current_mallinfo
                0x2000266c       0x28 d:/program files/jetbrains/gcc-arm-11.2-2022.02-mingw-w64-i686-arm-none-eabi/bin/../lib/gcc/arm-none-eabi/11.2.1/thumb/v7-m/nofp\libg.a(lib_a-mallocr.o)
                0x2000266c                __malloc_current_mallinfo
 .bss.__malloc_max_sbrked_mem
                0x20002694        0x4 d:/program files/jetbrains/gcc-arm-11.2-2022.02-mingw-w64-i686-arm-none-eabi/bin/../lib/gcc/arm-none-eabi/11.2.1/thumb/v7-m/nofp\libg.a(lib_a-mallocr.o)
                0x20002694                __malloc_max_sbrked_mem
 .bss.__malloc_max_total_mem
                0x20002698        0x4 d:/program files/jetbrains/gcc-arm-11.2-2022.02-mingw-w64-i686-arm-none-eabi/bin/../lib/gcc/arm-none-eabi/11.2.1/thumb/v7-m/nofp\libg.a(lib_a-mallocr.o)
                0x20002698                __malloc_max_total_mem
 .bss.__malloc_top_pad
                0x2000269c        0x4 d:/program files/jetbrains/gcc-arm-11.2-2022.02-mingw-w64-i686-arm-none-eabi/bin/../lib/gcc/arm-none-eabi/11.2.1/thumb/v7-m/nofp\libg.a(lib_a-mallocr.o)
                0x2000269c                __malloc_top_pad
 .bss.errno     0x200026a0        0x4 d:/program files/jetbrains/gcc-arm-11.2-2022.02-mingw-w64-i686-arm-none-eabi/bin/../lib/gcc/arm-none-eabi/11.2.1/thumb/v7-m/nofp\libg.a(lib_a-reent.o)
                0x200026a0                errno
 *(COMMON)
                0x200026a4                . = ALIGN (0x4)
                0x200026a4                _ebss = .
                0x200026a4                __bss_end__ = _ebss

._user_heap_stack
                0x200026a4      0x604 load address 0x0800c0dc
                0x200026a8                . = ALIGN (0x8)
 *fill*         0x200026a4        0x4 
                0x200026a8                PROVIDE (end = .)
                [!provide]                PROVIDE (_end = .)
                0x200028a8                . = (. + _Min_Heap_Size)
 *fill*         0x200026a8      0x200 
                0x20002ca8                . = (. + _Min_Stack_Size)
 *fill*         0x200028a8      0x400 
                0x20002ca8                . = ALIGN (0x8)

/DISCARD/
 libc.a(*)
 libm.a(*)
 libgcc.a(*)

.ARM.attributes
                0x00000000       0x29
 *(.ARM.attributes)
 .ARM.attributes
                0x00000000       0x1d d:/program files/jetbrains/gcc-arm-11.2-2022.02-mingw-w64-i686-arm-none-eabi/bin/../lib/gcc/arm-none-eabi/11.2.1/thumb/v7-m/nofp/crti.o
 .ARM.attributes
                0x0000001d       0x2d d:/program files/jetbrains/gcc-arm-11.2-2022.02-mingw-w64-i686-arm-none-eabi/bin/../lib/gcc/arm-none-eabi/11.2.1/thumb/v7-m/nofp/crtbegin.o
 .ARM.attributes
                0x0000004a       0x2d CMakeFiles/makeRobot.elf.dir/Core/Src/freertos.c.obj
 .ARM.attributes
                0x00000077       0x2d CMakeFiles/makeRobot.elf.dir/Core/Src/gpio.c.obj
 .ARM.attributes
                0x000000a4       0x2d CMakeFiles/makeRobot.elf.dir/Core/Src/i2c.c.obj
 .ARM.attributes
                0x000000d1       0x2d CMakeFiles/makeRobot.elf.dir/Core/Src/main.c.obj
 .ARM.attributes
                0x000000fe       0x2d CMakeFiles/makeRobot.elf.dir/Core/Src/stm32f1xx_hal_msp.c.obj
 .ARM.attributes
                0x0000012b       0x2d CMakeFiles/makeRobot.elf.dir/Core/Src/stm32f1xx_hal_timebase_tim.c.obj
 .ARM.attributes
                0x00000158       0x2d CMakeFiles/makeRobot.elf.dir/Core/Src/stm32f1xx_it.c.obj
 .ARM.attributes
                0x00000185       0x2d CMakeFiles/makeRobot.elf.dir/Core/Src/syscalls.c.obj
 .ARM.attributes
                0x000001b2       0x2d CMakeFiles/makeRobot.elf.dir/Core/Src/system_stm32f1xx.c.obj
 .ARM.attributes
                0x000001df       0x2d CMakeFiles/makeRobot.elf.dir/Core/Src/tim.c.obj
 .ARM.attributes
                0x0000020c       0x2d CMakeFiles/makeRobot.elf.dir/Core/Src/usart.c.obj
 .ARM.attributes
                0x00000239       0x2d CMakeFiles/makeRobot.elf.dir/Core/Src/user/data_trans.c.obj
 .ARM.attributes
                0x00000266       0x2d CMakeFiles/makeRobot.elf.dir/Core/Src/user/motor.c.obj
 .ARM.attributes
                0x00000293       0x2d CMakeFiles/makeRobot.elf.dir/Drivers/STM32F1xx_HAL_Driver/Src/stm32f1xx_hal.c.obj
 .ARM.attributes
                0x000002c0       0x2d CMakeFiles/makeRobot.elf.dir/Drivers/STM32F1xx_HAL_Driver/Src/stm32f1xx_hal_cortex.c.obj
 .ARM.attributes
                0x000002ed       0x2d CMakeFiles/makeRobot.elf.dir/Drivers/STM32F1xx_HAL_Driver/Src/stm32f1xx_hal_dma.c.obj
 .ARM.attributes
                0x0000031a       0x2d CMakeFiles/makeRobot.elf.dir/Drivers/STM32F1xx_HAL_Driver/Src/stm32f1xx_hal_gpio.c.obj
 .ARM.attributes
                0x00000347       0x2d CMakeFiles/makeRobot.elf.dir/Drivers/STM32F1xx_HAL_Driver/Src/stm32f1xx_hal_i2c.c.obj
 .ARM.attributes
                0x00000374       0x2d CMakeFiles/makeRobot.elf.dir/Drivers/STM32F1xx_HAL_Driver/Src/stm32f1xx_hal_rcc.c.obj
 .ARM.attributes
                0x000003a1       0x2d CMakeFiles/makeRobot.elf.dir/Drivers/STM32F1xx_HAL_Driver/Src/stm32f1xx_hal_tim.c.obj
 .ARM.attributes
                0x000003ce       0x2d CMakeFiles/makeRobot.elf.dir/Drivers/STM32F1xx_HAL_Driver/Src/stm32f1xx_hal_tim_ex.c.obj
 .ARM.attributes
                0x000003fb       0x2d CMakeFiles/makeRobot.elf.dir/Drivers/STM32F1xx_HAL_Driver/Src/stm32f1xx_hal_uart.c.obj
 .ARM.attributes
                0x00000428       0x2d CMakeFiles/makeRobot.elf.dir/Middlewares/Third_Party/FreeRTOS/Source/CMSIS_RTOS_V2/cmsis_os2.c.obj
 .ARM.attributes
                0x00000455       0x2d CMakeFiles/makeRobot.elf.dir/Middlewares/Third_Party/FreeRTOS/Source/list.c.obj
 .ARM.attributes
                0x00000482       0x2d CMakeFiles/makeRobot.elf.dir/Middlewares/Third_Party/FreeRTOS/Source/portable/GCC/ARM_CM3/port.c.obj
 .ARM.attributes